Archive member included because of file (symbol)

D:\projects-c\ArduinoCore\328P_16MHz\libArduinoCore.a(HardwareSerial.o)
                              ./main.o (Serial)
D:\projects-c\ArduinoCore\328P_16MHz\libArduinoCore.a(Print.o)
                              D:\projects-c\ArduinoCore\328P_16MHz\libArduinoCore.a(HardwareSerial.o) (Print::write(unsigned char const*, unsigned int))
D:\projects-c\ArduinoCore\328P_16MHz\libArduinoCore.a(SPI.o)
                              ./main.o (SPIClass::setBitOrder(unsigned char))
D:\projects-c\ArduinoCore\328P_16MHz\libArduinoCore.a(SoftwareSerial.o)
                              ./main.o (SoftwareSerial::begin(long))
D:\projects-c\ArduinoCore\328P_16MHz\libArduinoCore.a(WString.o)
                              D:\projects-c\ArduinoCore\328P_16MHz\libArduinoCore.a(Print.o) (String::operator[](unsigned int) const)
D:\projects-c\ArduinoCore\328P_16MHz\libArduinoCore.a(main.o)
                              d:/projects-c/winavr-20100110/bin/../lib/gcc/avr/4.3.3/../../../../avr/lib/avr5/crtm328p.o (main)
D:\projects-c\ArduinoCore\328P_16MHz\libArduinoCore.a(new.o)
                              D:\projects-c\ArduinoCore\328P_16MHz\libArduinoCore.a(HardwareSerial.o) (__cxa_pure_virtual)
D:\projects-c\ArduinoCore\328P_16MHz\libArduinoCore.a(wiring.o)
                              ./main.o (delay)
D:\projects-c\ArduinoCore\328P_16MHz\libArduinoCore.a(wiring_analog.o)
                              ./main.o (analogWrite)
D:\projects-c\ArduinoCore\328P_16MHz\libArduinoCore.a(wiring_digital.o)
                              ./main.o (pinMode)
D:\projects-c\ArduinoCore\328P_16MHz\libArduinoCore.a(wiring_shift.o)
                              ./main.o (shiftOut)
d:/projects-c/winavr-20100110/bin/../lib/gcc/avr/4.3.3/../../../../avr/lib/avr5\libm.a(addsf3.o)
                              ./main.o (__subsf3)
d:/projects-c/winavr-20100110/bin/../lib/gcc/avr/4.3.3/../../../../avr/lib/avr5\libm.a(addsf3x.o)
                              d:/projects-c/winavr-20100110/bin/../lib/gcc/avr/4.3.3/../../../../avr/lib/avr5\libm.a(addsf3.o) (__addsf3x)
d:/projects-c/winavr-20100110/bin/../lib/gcc/avr/4.3.3/../../../../avr/lib/avr5\libm.a(cmpsf2.o)
                              ./main.o (__ltsf2)
d:/projects-c/winavr-20100110/bin/../lib/gcc/avr/4.3.3/../../../../avr/lib/avr5\libm.a(divsf3.o)
                              D:\projects-c\ArduinoCore\328P_16MHz\libArduinoCore.a(Print.o) (__divsf3)
d:/projects-c/winavr-20100110/bin/../lib/gcc/avr/4.3.3/../../../../avr/lib/avr5\libm.a(divsf3x.o)
                              d:/projects-c/winavr-20100110/bin/../lib/gcc/avr/4.3.3/../../../../avr/lib/avr5\libm.a(divsf3.o) (__divsf3x)
d:/projects-c/winavr-20100110/bin/../lib/gcc/avr/4.3.3/../../../../avr/lib/avr5\libm.a(fixsfsi.o)
                              ./main.o (__fixsfsi)
d:/projects-c/winavr-20100110/bin/../lib/gcc/avr/4.3.3/../../../../avr/lib/avr5\libm.a(fixunssfsi.o)
                              ./main.o (__fixunssfsi)
d:/projects-c/winavr-20100110/bin/../lib/gcc/avr/4.3.3/../../../../avr/lib/avr5\libm.a(floatsisf.o)
                              ./main.o (__floatunsisf)
d:/projects-c/winavr-20100110/bin/../lib/gcc/avr/4.3.3/../../../../avr/lib/avr5\libm.a(fp_cmp.o)
                              d:/projects-c/winavr-20100110/bin/../lib/gcc/avr/4.3.3/../../../../avr/lib/avr5\libm.a(cmpsf2.o) (__fp_cmp)
d:/projects-c/winavr-20100110/bin/../lib/gcc/avr/4.3.3/../../../../avr/lib/avr5\libm.a(fp_inf.o)
                              d:/projects-c/winavr-20100110/bin/../lib/gcc/avr/4.3.3/../../../../avr/lib/avr5\libm.a(addsf3x.o) (__fp_inf)
d:/projects-c/winavr-20100110/bin/../lib/gcc/avr/4.3.3/../../../../avr/lib/avr5\libm.a(fp_nan.o)
                              d:/projects-c/winavr-20100110/bin/../lib/gcc/avr/4.3.3/../../../../avr/lib/avr5\libm.a(addsf3x.o) (__fp_nan)
d:/projects-c/winavr-20100110/bin/../lib/gcc/avr/4.3.3/../../../../avr/lib/avr5\libm.a(fp_pscA.o)
                              d:/projects-c/winavr-20100110/bin/../lib/gcc/avr/4.3.3/../../../../avr/lib/avr5\libm.a(addsf3x.o) (__fp_pscA)
d:/projects-c/winavr-20100110/bin/../lib/gcc/avr/4.3.3/../../../../avr/lib/avr5\libm.a(fp_pscB.o)
                              d:/projects-c/winavr-20100110/bin/../lib/gcc/avr/4.3.3/../../../../avr/lib/avr5\libm.a(addsf3x.o) (__fp_pscB)
d:/projects-c/winavr-20100110/bin/../lib/gcc/avr/4.3.3/../../../../avr/lib/avr5\libm.a(fp_round.o)
                              d:/projects-c/winavr-20100110/bin/../lib/gcc/avr/4.3.3/../../../../avr/lib/avr5\libm.a(addsf3.o) (__fp_round)
d:/projects-c/winavr-20100110/bin/../lib/gcc/avr/4.3.3/../../../../avr/lib/avr5\libm.a(fp_split3.o)
                              d:/projects-c/winavr-20100110/bin/../lib/gcc/avr/4.3.3/../../../../avr/lib/avr5\libm.a(addsf3x.o) (__fp_split3)
d:/projects-c/winavr-20100110/bin/../lib/gcc/avr/4.3.3/../../../../avr/lib/avr5\libm.a(fp_zero.o)
[...]
Memory Configuration

Name             Origin             Length             Attributes
text             0x00000000         0x00020000         xr
data             0x00800060         0x0000ffa0         rw !x
eeprom           0x00810000         0x00010000         rw !x
fuse             0x00820000         0x00000400         rw !x
lock             0x00830000         0x00000400         rw !x
signature        0x00840000         0x00000400         rw !x
*default*        0x00000000         0xffffffff

Linker script and memory map

Address of section .data set to 0x800100
LOAD d:/projects-c/winavr-20100110/bin/../lib/gcc/avr/4.3.3/../../../../avr/lib/avr5/crtm328p.o
LOAD ./main.o
LOAD D:\projects-c\ArduinoCore\328P_16MHz\libArduinoCore.a
LOAD d:/projects-c/winavr-20100110/bin/../lib/gcc/avr/4.3.3/../../../../avr/lib/avr5\libm.a
LOAD d:/projects-c/winavr-20100110/bin/../lib/gcc/avr/4.3.3/avr5\libgcc.a
LOAD d:/projects-c/winavr-20100110/bin/../lib/gcc/avr/4.3.3/../../../../avr/lib/avr5\libc.a
LOAD d:/projects-c/winavr-20100110/bin/../lib/gcc/avr/4.3.3/avr5\libgcc.a

.hash
 *(.hash)

.dynsym
 *(.dynsym)

.dynstr
 *(.dynstr)

.gnu.version
 *(.gnu.version)

.gnu.version_d
 *(.gnu.version_d)

.gnu.version_r
 *(.gnu.version_r)

.rel.init
 *(.rel.init)

.rela.init
 *(.rela.init)

.rel.text
 *(.rel.text)
 *(.rel.text.*)
 *(.rel.gnu.linkonce.t*)

.rela.text
 *(.rela.text)
 *(.rela.text.*)
 *(.rela.gnu.linkonce.t*)

.rel.fini
 *(.rel.fini)

.rela.fini
 *(.rela.fini)

.rel.rodata
 *(.rel.rodata)
 *(.rel.rodata.*)
 *(.rel.gnu.linkonce.r*)

.rela.rodata
 *(.rela.rodata)
 *(.rela.rodata.*)
 *(.rela.gnu.linkonce.r*)

.rel.data
 *(.rel.data)
 *(.rel.data.*)
 *(.rel.gnu.linkonce.d*)

.rela.data
 *(.rela.data)
 *(.rela.data.*)
 *(.rela.gnu.linkonce.d*)

.rel.ctors
 *(.rel.ctors)

.rela.ctors
 *(.rela.ctors)

.rel.dtors
 *(.rel.dtors)

.rela.dtors
 *(.rela.dtors)

.rel.got
 *(.rel.got)

.rela.got
 *(.rela.got)

.rel.bss
 *(.rel.bss)

.rela.bss
 *(.rela.bss)

.rel.plt
 *(.rel.plt)

.rela.plt
 *(.rela.plt)

.text           0x00000000     0x2cee
 *(.vectors)
 .vectors       0x00000000       0x68 d:/projects-c/winavr-20100110/bin/../lib/gcc/avr/4.3.3/../../../../avr/lib/avr5/crtm328p.o
                0x00000000                __vectors
                0x00000000                __vector_default
 *(.vectors)
 *(.progmem.gcc*)
 *(.progmem*)
 .progmem.data  0x00000068       0x90 D:\projects-c\ArduinoCore\328P_16MHz\libArduinoCore.a(SoftwareSerial.o)
 .progmem.data  0x000000f8       0x5a D:\projects-c\ArduinoCore\328P_16MHz\libArduinoCore.a(wiring_digital.o)
                0x000000f8                port_to_mode_PGM
                0x00000116                digital_pin_to_port_PGM
                0x0000012a                digital_pin_to_bit_mask_PGM
                0x00000102                port_to_output_PGM
                0x0000010c                port_to_input_PGM
                0x0000013e                digital_pin_to_timer_PGM
                0x00000152                . = ALIGN (0x2)
                0x00000152                __trampolines_start = .
 *(.trampolines)
 .trampolines   0x00000152        0x0 linker stubs
 *(.trampolines*)
                0x00000152                __trampolines_end = .
 *(.jumptables)
 *(.jumptables*)
 *(.lowtext)
 *(.lowtext*)
                0x00000152                __ctors_start = .
 *(.ctors)
 .ctors         0x00000152        0x2 ./main.o
 .ctors         0x00000154        0x2 D:\projects-c\ArduinoCore\328P_16MHz\libArduinoCore.a(HardwareSerial.o)
                0x00000156                __ctors_end = .
                0x00000156                __dtors_start = .
 *(.dtors)
 .dtors         0x00000156        0x2 ./main.o
                0x00000158                __dtors_end = .
 SORT(*)(.ctors)
 SORT(*)(.dtors)
 *(.init0)
 .init0         0x00000158        0x0 d:/projects-c/winavr-20100110/bin/../lib/gcc/avr/4.3.3/../../../../avr/lib/avr5/crtm328p.o
                0x00000158                __init
 *(.init0)
 *(.init1)
 *(.init1)
 *(.init2)
 .init2         0x00000158        0xc d:/projects-c/winavr-20100110/bin/../lib/gcc/avr/4.3.3/../../../../avr/lib/avr5/crtm328p.o
 *(.init2)
 *(.init3)
 *(.init3)
 *(.init4)
 .init4         0x00000164       0x16 d:/projects-c/winavr-20100110/bin/../lib/gcc/avr/4.3.3/avr5\libgcc.a(_copy_data.o)
                0x00000164                __do_copy_data
 .init4         0x0000017a       0x10 d:/projects-c/winavr-20100110/bin/../lib/gcc/avr/4.3.3/avr5\libgcc.a(_clear_bss.o)
                0x0000017a                __do_clear_bss
 *(.init4)
 *(.init5)
 *(.init5)
 *(.init6)
 .init6         0x0000018a       0x16 d:/projects-c/winavr-20100110/bin/../lib/gcc/avr/4.3.3/avr5\libgcc.a(_ctors.o)
                0x0000018a                __do_global_ctors
 *(.init6)
 *(.init7)
 *(.init7)
 *(.init8)
 *(.init8)
 *(.init9)
 .init9         0x000001a0        0x8 d:/projects-c/winavr-20100110/bin/../lib/gcc/avr/4.3.3/../../../../avr/lib/avr5/crtm328p.o
 *(.init9)
 *(.text)
 .text          0x000001a8        0x4 d:/projects-c/winavr-20100110/bin/../lib/gcc/avr/4.3.3/../../../../avr/lib/avr5/crtm328p.o
                0x000001a8                __vector_22
                0x000001a8                __vector_1
                0x000001a8                __vector_24
                0x000001a8                __vector_12
                0x000001a8                __bad_interrupt
                0x000001a8                __vector_6
                0x000001a8                __vector_23
                0x000001a8                __vector_25
                0x000001a8                __vector_11
                0x000001a8                __vector_13
                0x000001a8                __vector_17
                0x000001a8                __vector_7
                0x000001a8                __vector_9
                0x000001a8                __vector_2
                0x000001a8                __vector_21
                0x000001a8                __vector_15
                0x000001a8                __vector_8
                0x000001a8                __vector_14
                0x000001a8                __vector_10
                0x000001a8                __vector_20
                0x000001ac                . = ALIGN (0x2)
 *(.text.*)
 .text._Z41__static_initialization_and_destruction_0ii
                0x000001ac       0x4e ./main.o
 .text._GLOBAL__D_gTempCmd
                0x000001fa        0xe ./main.o
 .text._GLOBAL__I_gTempCmd
                0x00000208        0xe ./main.o
 .text._Z18turnHeatAndCoolOffv
                0x00000216       0x44 ./main.o
                0x00000216                turnHeatAndCoolOff()
 .text._Z10turnCoolOnv
                0x0000025a       0x2c ./main.o
                0x0000025a                turnCoolOn()
 .text._Z10turnHeatOnv
                0x00000286       0x42 ./main.o
                0x00000286                turnHeatOn()
 .text._Z10skipCrcSHTii
                0x000002c8       0x34 ./main.o
                0x000002c8                skipCrcSHT(int, int)
 .text._Z16waitForResultSHTi
                0x000002fc       0x48 ./main.o
                0x000002fc                waitForResultSHT(int)
 .text._Z7shiftIniii
                0x00000344       0x68 ./main.o
                0x00000344                shiftIn(int, int, int)
 .text._Z12getData16SHTii
                0x000003ac       0x8a ./main.o
                0x000003ac                getData16SHT(int, int)
 .text._Z14sendCommandSHTiii
                0x00000436       0xac ./main.o
                0x00000436                sendCommandSHT(int, int, int)
 .text._Z12readHumidityv
                0x000004e2       0xce ./main.o
                0x000004e2                readHumidity()
 .text._Z8readTempv
                0x000005b0       0x8c ./main.o
                0x000005b0                readTemp()
 .text._Z12ReadTimeDatev
                0x0000063c      0x288 ./main.o
                0x0000063c                ReadTimeDate()
 .text._Z8RTC_initv
                0x000008c4       0x54 ./main.o
                0x000008c4                RTC_init()
 .text._Z10serCommandv
                0x00000918        0xc ./main.o
                0x00000918                serCommand()
 .text._Z8clearLCDv
                0x00000924       0x10 ./main.o
                0x00000924                clearLCD()
 .text.setup    0x00000934       0xaa ./main.o
                0x00000934                setup
 .text._Z13selectLineTwov
                0x000009de       0x10 ./main.o
                0x000009de                selectLineTwo()
 .text._Z13selectLineOnev
                0x000009ee       0x10 ./main.o
                0x000009ee                selectLineOne()
 .text.loop     0x000009fe      0x268 ./main.o
                0x000009fe                loop
 .text._Z11serialEventv
                0x00000c66        0x2 D:\projects-c\ArduinoCore\328P_16MHz\libArduinoCore.a(HardwareSerial.o)
                0x00000c66                serialEvent()
 .text.__vector_18
                0x00000c68       0x68 D:\projects-c\ArduinoCore\328P_16MHz\libArduinoCore.a(HardwareSerial.o)
                0x00000c68                __vector_18
 .text._Z14serialEventRunv
                0x00000cd0       0x26 D:\projects-c\ArduinoCore\328P_16MHz\libArduinoCore.a(HardwareSerial.o)
                0x00000cd0                serialEventRun()
 .text.__vector_19
                0x00000cf6       0x92 D:\projects-c\ArduinoCore\328P_16MHz\libArduinoCore.a(HardwareSerial.o)
                0x00000cf6                __vector_19
 .text._ZN14HardwareSerial5beginEm
                0x00000d88      0x10c D:\projects-c\ArduinoCore\328P_16MHz\libArduinoCore.a(HardwareSerial.o)
                0x00000d88                HardwareSerial::begin(unsigned long)
 .text._ZN14HardwareSerial9availableEv
                0x00000e94       0x22 D:\projects-c\ArduinoCore\328P_16MHz\libArduinoCore.a(HardwareSerial.o)
                0x00000e94                HardwareSerial::available()
 .text._ZN14HardwareSerial4peekEv
                0x00000eb6       0x40 D:\projects-c\ArduinoCore\328P_16MHz\libArduinoCore.a(HardwareSerial.o)
                0x00000eb6                HardwareSerial::peek()
 .text._ZN14HardwareSerial4readEv
                0x00000ef6       0x52 D:\projects-c\ArduinoCore\328P_16MHz\libArduinoCore.a(HardwareSerial.o)
                0x00000ef6                HardwareSerial::read()
 .text._ZN14HardwareSerial5flushEv
                0x00000f48       0x24 D:\projects-c\ArduinoCore\328P_16MHz\libArduinoCore.a(HardwareSerial.o)
                0x00000f48                HardwareSerial::flush()
 .text._ZN14HardwareSerial5writeEh
                0x00000f6c       0x78 D:\projects-c\ArduinoCore\328P_16MHz\libArduinoCore.a(HardwareSerial.o)
                0x00000f6c                HardwareSerial::write(unsigned char)
 .text._GLOBAL__I_rx_buffer
                0x00000fe4       0xa0 D:\projects-c\ArduinoCore\328P_16MHz\libArduinoCore.a(HardwareSerial.o)
 .text._ZN5Print5writeEPKhj
                0x00001084       0x54 D:\projects-c\ArduinoCore\328P_16MHz\libArduinoCore.a(Print.o)
                0x00001084                Print::write(unsigned char const*, unsigned int)
 .text._ZN5Print7printlnEv
                0x000010d8       0x40 D:\projects-c\ArduinoCore\328P_16MHz\libArduinoCore.a(Print.o)
                0x000010d8                Print::println()
 .text._ZN5Print5writeEPKc
                0x00001118       0x28 D:\projects-c\ArduinoCore\328P_16MHz\libArduinoCore.a(Print.o)
                0x00001118                Print::write(char const*)
 .text._ZN5Print11printNumberEmh
                0x00001140       0xc8 D:\projects-c\ArduinoCore\328P_16MHz\libArduinoCore.a(Print.o)
                0x00001140                Print::printNumber(unsigned long, unsigned char)
 .text._ZN5Print5printEmi
                0x00001208       0x1e D:\projects-c\ArduinoCore\328P_16MHz\libArduinoCore.a(Print.o)
                0x00001208                Print::print(unsigned long, int)
 .text._ZN5Print5printEli
                0x00001226       0x80 D:\projects-c\ArduinoCore\328P_16MHz\libArduinoCore.a(Print.o)
                0x00001226                Print::print(long, int)
 .text._ZN5Print5printEii
                0x000012a6       0x26 D:\projects-c\ArduinoCore\328P_16MHz\libArduinoCore.a(Print.o)
                0x000012a6                Print::print(int, int)
 .text._ZN5Print5printEPKc
                0x000012cc        0x6 D:\projects-c\ArduinoCore\328P_16MHz\libArduinoCore.a(Print.o)
                0x000012cc                Print::print(char const*)
 .text._ZN5Print10printFloatEdh
                0x000012d2      0x136 D:\projects-c\ArduinoCore\328P_16MHz\libArduinoCore.a(Print.o)
                0x000012d2                Print::printFloat(double, unsigned char)
 .text._ZN5Print5printEdi
                0x00001408        0x6 D:\projects-c\ArduinoCore\328P_16MHz\libArduinoCore.a(Print.o)
                0x00001408                Print::print(double, int)
 .text._ZN5Print7printlnEPKc
                0x0000140e       0x26 D:\projects-c\ArduinoCore\328P_16MHz\libArduinoCore.a(Print.o)
                0x0000140e                Print::println(char const*)
 .text._ZN5Print5printERK6String
                0x00001434       0x66 D:\projects-c\ArduinoCore\328P_16MHz\libArduinoCore.a(Print.o)
                0x00001434                Print::print(String const&)
 .text._ZN5Print7printlnERK6String
                0x0000149a       0x28 D:\projects-c\ArduinoCore\328P_16MHz\libArduinoCore.a(Print.o)
                0x0000149a                Print::println(String const&)
 .text._ZN8SPIClass11setBitOrderEh
                0x000014c2       0x12 D:\projects-c\ArduinoCore\328P_16MHz\libArduinoCore.a(SPI.o)
                0x000014c2                SPIClass::setBitOrder(unsigned char)
 .text._ZN8SPIClass11setDataModeEh
                0x000014d4        0xa D:\projects-c\ArduinoCore\328P_16MHz\libArduinoCore.a(SPI.o)
                0x000014d4                SPIClass::setDataMode(unsigned char)
 .text._ZN8SPIClass5beginEv
                0x000014de       0x3e D:\projects-c\ArduinoCore\328P_16MHz\libArduinoCore.a(SPI.o)
                0x000014de                SPIClass::begin()
 .text._ZN14SoftwareSerial6listenEv
                0x0000151c       0x38 D:\projects-c\ArduinoCore\328P_16MHz\libArduinoCore.a(SoftwareSerial.o)
                0x0000151c                SoftwareSerial::listen()
 .text._ZN14SoftwareSerial4recvEv
                0x00001554       0xd4 D:\projects-c\ArduinoCore\328P_16MHz\libArduinoCore.a(SoftwareSerial.o)
                0x00001554                SoftwareSerial::recv()
 .text._ZN14SoftwareSerial16handle_interruptEv
                0x00001628       0x12 D:\projects-c\ArduinoCore\328P_16MHz\libArduinoCore.a(SoftwareSerial.o)
                0x00001628                SoftwareSerial::handle_interrupt()
 .text.__vector_3
                0x0000163a       0x48 D:\projects-c\ArduinoCore\328P_16MHz\libArduinoCore.a(SoftwareSerial.o)
                0x0000163a                __vector_3
 .text.__vector_4
                0x00001682       0x48 D:\projects-c\ArduinoCore\328P_16MHz\libArduinoCore.a(SoftwareSerial.o)
                0x00001682                __vector_4
 .text.__vector_5
                0x000016ca       0x48 D:\projects-c\ArduinoCore\328P_16MHz\libArduinoCore.a(SoftwareSerial.o)
                0x000016ca                __vector_5
 .text._ZN14SoftwareSerial5beginEl
                0x00001712      0x152 D:\projects-c\ArduinoCore\328P_16MHz\libArduinoCore.a(SoftwareSerial.o)
                0x00001712                SoftwareSerial::begin(long)
 .text._ZN14SoftwareSerial3endEv
                0x00001864       0x6a D:\projects-c\ArduinoCore\328P_16MHz\libArduinoCore.a(SoftwareSerial.o)
                0x00001864                SoftwareSerial::end()
 .text._ZN14SoftwareSerialD1Ev
                0x000018ce       0x12 D:\projects-c\ArduinoCore\328P_16MHz\libArduinoCore.a(SoftwareSerial.o)
                0x000018ce                SoftwareSerial::~SoftwareSerial()
 .text._ZN14SoftwareSerial4readEv
                0x000018e0       0x42 D:\projects-c\ArduinoCore\328P_16MHz\libArduinoCore.a(SoftwareSerial.o)
                0x000018e0                SoftwareSerial::read()
 .text._ZN14SoftwareSerial9availableEv
                0x00001922       0x34 D:\projects-c\ArduinoCore\328P_16MHz\libArduinoCore.a(SoftwareSerial.o)
                0x00001922                SoftwareSerial::available()
 .text._ZN14SoftwareSerial5writeEh
                0x00001956      0x164 D:\projects-c\ArduinoCore\328P_16MHz\libArduinoCore.a(SoftwareSerial.o)
                0x00001956                SoftwareSerial::write(unsigned char)
 .text._ZN14SoftwareSerial5flushEv
                0x00001aba       0x22 D:\projects-c\ArduinoCore\328P_16MHz\libArduinoCore.a(SoftwareSerial.o)
                0x00001aba                SoftwareSerial::flush()
 .text._ZN14SoftwareSerial4peekEv
                0x00001adc       0x38 D:\projects-c\ArduinoCore\328P_16MHz\libArduinoCore.a(SoftwareSerial.o)
                0x00001adc                SoftwareSerial::peek()
 .text._ZN14SoftwareSerial5setRXEh
                0x00001b14       0x56 D:\projects-c\ArduinoCore\328P_16MHz\libArduinoCore.a(SoftwareSerial.o)
                0x00001b14                SoftwareSerial::setRX(unsigned char)
 .text._ZN14SoftwareSerial5setTXEh
                0x00001b6a       0x56 D:\projects-c\ArduinoCore\328P_16MHz\libArduinoCore.a(SoftwareSerial.o)
                0x00001b6a                SoftwareSerial::setTX(unsigned char)
 .text._ZN14SoftwareSerialC1Ehhb
                0x00001bc0       0x5c D:\projects-c\ArduinoCore\328P_16MHz\libArduinoCore.a(SoftwareSerial.o)
                0x00001bc0                SoftwareSerial::SoftwareSerial(unsigned char, unsigned char, bool)
 .text._ZNK6StringixEj
                0x00001c1c       0x22 D:\projects-c\ArduinoCore\328P_16MHz\libArduinoCore.a(WString.o)
                0x00001c1c                String::operator[](unsigned int) const
 .text._ZN6String12changeBufferEj
                0x00001c3e       0x34 D:\projects-c\ArduinoCore\328P_16MHz\libArduinoCore.a(WString.o)
                0x00001c3e                String::changeBuffer(unsigned int)
 .text._ZN6String7reserveEj
                0x00001c72       0x38 D:\projects-c\ArduinoCore\328P_16MHz\libArduinoCore.a(WString.o)
                0x00001c72                String::reserve(unsigned int)
 .text._ZN6String6concatEPKcj
                0x00001caa       0x5a D:\projects-c\ArduinoCore\328P_16MHz\libArduinoCore.a(WString.o)
                0x00001caa                String::concat(char const*, unsigned int)
 .text._ZN6String6concatEi
                0x00001d04       0x62 D:\projects-c\ArduinoCore\328P_16MHz\libArduinoCore.a(WString.o)
                0x00001d04                String::concat(int)
 .text._ZN6String6concatEPKc
                0x00001d66       0x20 D:\projects-c\ArduinoCore\328P_16MHz\libArduinoCore.a(WString.o)
                0x00001d66                String::concat(char const*)
 .text._ZN6String10invalidateEv
                0x00001d86       0x24 D:\projects-c\ArduinoCore\328P_16MHz\libArduinoCore.a(WString.o)
                0x00001d86                String::invalidate()
 .text._ZN6String4copyEPKcj
                0x00001daa       0x42 D:\projects-c\ArduinoCore\328P_16MHz\libArduinoCore.a(WString.o)
                0x00001daa                String::copy(char const*, unsigned int)
 .text._ZN6StringC1EPKc
                0x00001dec       0x34 D:\projects-c\ArduinoCore\328P_16MHz\libArduinoCore.a(WString.o)
                0x00001dec                String::String(char const*)
 .text._ZN6StringaSEPKc
                0x00001e20       0x32 D:\projects-c\ArduinoCore\328P_16MHz\libArduinoCore.a(WString.o)
                0x00001e20                String::operator=(char const*)
 .text._ZN6StringC1Eih
                0x00001e52       0x62 D:\projects-c\ArduinoCore\328P_16MHz\libArduinoCore.a(WString.o)
                0x00001e52                String::String(int, unsigned char)
 .text._ZN6StringD1Ev
                0x00001eb4        0xc D:\projects-c\ArduinoCore\328P_16MHz\libArduinoCore.a(WString.o)
                0x00001eb4                String::~String()
 .text.main     0x00001ec0       0x1e D:\projects-c\ArduinoCore\328P_16MHz\libArduinoCore.a(main.o)
                0x00001ec0                main
 .text.__vector_16
                0x00001ede       0x90 D:\projects-c\ArduinoCore\328P_16MHz\libArduinoCore.a(wiring.o)
                0x00001ede                __vector_16
 .text.micros   0x00001f6e       0x4c D:\projects-c\ArduinoCore\328P_16MHz\libArduinoCore.a(wiring.o)
                0x00001f6e                micros
 .text.delay    0x00001fba       0x4c D:\projects-c\ArduinoCore\328P_16MHz\libArduinoCore.a(wiring.o)
                0x00001fba                delay
 .text.init     0x00002006       0x76 D:\projects-c\ArduinoCore\328P_16MHz\libArduinoCore.a(wiring.o)
                0x00002006                init
 .text.analogWrite
                0x0000207c       0xc0 D:\projects-c\ArduinoCore\328P_16MHz\libArduinoCore.a(wiring_analog.o)
                0x0000207c                analogWrite
 .text.pinMode  0x0000213c       0x4c D:\projects-c\ArduinoCore\328P_16MHz\libArduinoCore.a(wiring_digital.o)
                0x0000213c                pinMode
 .text.turnOffPWM
                0x00002188       0x5a D:\projects-c\ArduinoCore\328P_16MHz\libArduinoCore.a(wiring_digital.o)
 .text.digitalWrite
                0x000021e2       0x66 D:\projects-c\ArduinoCore\328P_16MHz\libArduinoCore.a(wiring_digital.o)
                0x000021e2                digitalWrite
 .text.digitalRead
                0x00002248       0x60 D:\projects-c\ArduinoCore\328P_16MHz\libArduinoCore.a(wiring_digital.o)
                0x00002248                digitalRead
 .text.shiftOut
                0x000022a8       0x84 D:\projects-c\ArduinoCore\328P_16MHz\libArduinoCore.a(wiring_shift.o)
                0x000022a8                shiftOut
 .text.avr-libc.fplib
                0x0000232c        0xa d:/projects-c/winavr-20100110/bin/../lib/gcc/avr/4.3.3/../../../../avr/lib/avr5\libm.a(addsf3.o)
                0x0000232c                __subsf3
                0x0000232e                __addsf3
 .text.avr-libc.fplib
                0x00002336       0xc0 d:/projects-c/winavr-20100110/bin/../lib/gcc/avr/4.3.3/../../../../avr/lib/avr5\libm.a(addsf3x.o)
                0x00002350                __addsf3x
 .text.avr-libc.fplib
                0x000023f6        0x8 d:/projects-c/winavr-20100110/bin/../lib/gcc/avr/4.3.3/../../../../avr/lib/avr5\libm.a(cmpsf2.o)
                0x000023f6                __lesf2
                0x000023f6                __nesf2
                0x000023f6                __eqsf2
                0x000023f6                __cmpsf2
                0x000023f6                __ltsf2
 .text.avr-libc.fplib
                0x000023fe        0x4 d:/projects-c/winavr-20100110/bin/../lib/gcc/avr/4.3.3/../../../../avr/lib/avr5\libm.a(divsf3.o)
                0x000023fe                __divsf3
 .text.avr-libc.fplib
                0x00002402       0xcc d:/projects-c/winavr-20100110/bin/../lib/gcc/avr/4.3.3/../../../../avr/lib/avr5\libm.a(divsf3x.o)
                0x00002418                __divsf3x
                0x0000241c                __divsf3_pse
 .text.avr-libc.fplib
                0x000024ce        0xa d:/projects-c/winavr-20100110/bin/../lib/gcc/avr/4.3.3/../../../../avr/lib/avr5\libm.a(fixsfsi.o)
                0x000024ce                __fixsfsi
 .text.avr-libc.fplib
                0x000024d8       0x58 d:/projects-c/winavr-20100110/bin/../lib/gcc/avr/4.3.3/../../../../avr/lib/avr5\libm.a(fixunssfsi.o)
                0x000024d8                __fixunssfsi
 .text.avr-libc.fplib
                0x00002530       0x7a d:/projects-c/winavr-20100110/bin/../lib/gcc/avr/4.3.3/../../../../avr/lib/avr5\libm.a(floatsisf.o)
                0x00002534                __floatsisf
                0x00002530                __floatunsisf
 .text.avr-libc.fplib
                0x000025aa       0x48 d:/projects-c/winavr-20100110/bin/../lib/gcc/avr/4.3.3/../../../../avr/lib/avr5\libm.a(fp_cmp.o)
                0x000025aa                __fp_cmp
 .text.avr-libc.fplib
                0x000025f2        0xc d:/projects-c/winavr-20100110/bin/../lib/gcc/avr/4.3.3/../../../../avr/lib/avr5\libm.a(fp_inf.o)
                0x000025f2                __fp_inf
 .text.avr-libc.fplib
                0x000025fe        0x6 d:/projects-c/winavr-20100110/bin/../lib/gcc/avr/4.3.3/../../../../avr/lib/avr5\libm.a(fp_nan.o)
                0x000025fe                __fp_nan
 .text.avr-libc.fplib
                0x00002604        0xe d:/projects-c/winavr-20100110/bin/../lib/gcc/avr/4.3.3/../../../../avr/lib/avr5\libm.a(fp_pscA.o)
                0x00002604                __fp_pscA
 .text.avr-libc.fplib
                0x00002612        0xe d:/projects-c/winavr-20100110/bin/../lib/gcc/avr/4.3.3/../../../../avr/lib/avr5\libm.a(fp_pscB.o)
                0x00002612                __fp_pscB
 .text.avr-libc.fplib
                0x00002620       0x22 d:/projects-c/winavr-20100110/bin/../lib/gcc/avr/4.3.3/../../../../avr/lib/avr5\libm.a(fp_round.o)
                0x00002620                __fp_round
 .text.avr-libc.fplib
                0x00002642       0x44 d:/projects-c/winavr-20100110/bin/../lib/gcc/avr/4.3.3/../../../../avr/lib/avr5\libm.a(fp_split3.o)
                0x00002642                __fp_split3
                0x00002652                __fp_splitA
 .text.avr-libc.fplib
                0x00002686        0xe d:/projects-c/winavr-20100110/bin/../lib/gcc/avr/4.3.3/../../../../avr/lib/avr5\libm.a(fp_zero.o)
                0x00002686                __fp_zero
                0x00002688                __fp_szero
 .text.avr-libc.fplib
                0x00002694        0x8 d:/projects-c/winavr-20100110/bin/../lib/gcc/avr/4.3.3/../../../../avr/lib/avr5\libm.a(gesf2.o)
                0x00002694                __gtsf2
                0x00002694                __gesf2
 .text.avr-libc.fplib
                0x0000269c        0x4 d:/projects-c/winavr-20100110/bin/../lib/gcc/avr/4.3.3/../../../../avr/lib/avr5\libm.a(mulsf3.o)
                0x0000269c                __mulsf3
 .text.avr-libc.fplib
                0x000026a0       0xc2 d:/projects-c/winavr-20100110/bin/../lib/gcc/avr/4.3.3/../../../../avr/lib/avr5\libm.a(mulsf3x.o)
                0x000026b8                __mulsf3_pse
                0x000026b4                __mulsf3x
 .text.libgcc   0x00002762       0x3e d:/projects-c/winavr-20100110/bin/../lib/gcc/avr/4.3.3/avr5\libgcc.a(_mulsi3.o)
                0x00002762                __mulsi3
 .text.libgcc   0x000027a0       0x26 d:/projects-c/winavr-20100110/bin/../lib/gcc/avr/4.3.3/avr5\libgcc.a(_divmodhi4.o)
                0x000027a0                __divmodhi4
                0x000027a0                _div
 .text.libgcc   0x000027c6       0x44 d:/projects-c/winavr-20100110/bin/../lib/gcc/avr/4.3.3/avr5\libgcc.a(_udivmodsi4.o)
                0x000027c6                __udivmodsi4
 .text.libgcc   0x0000280a       0x28 d:/projects-c/winavr-20100110/bin/../lib/gcc/avr/4.3.3/avr5\libgcc.a(_udivmodhi4.o)
                0x0000280a                __udivmodhi4
 .text.libgcc   0x00002832        0xc d:/projects-c/winavr-20100110/bin/../lib/gcc/avr/4.3.3/avr5\libgcc.a(_tablejump.o)
                0x00002836                __tablejump__
                0x00002832                __tablejump2__
 .text.avr-libc
                0x0000283e      0x20a d:/projects-c/winavr-20100110/bin/../lib/gcc/avr/4.3.3/../../../../avr/lib/avr5\libc.a(malloc.o)
                0x0000283e                malloc
                0x00002998                free
 .text.avr-libc
                0x00002a48      0x19c d:/projects-c/winavr-20100110/bin/../lib/gcc/avr/4.3.3/../../../../avr/lib/avr5\libc.a(realloc.o)
                0x00002a48                realloc
 .text.avr-libc
                0x00002be4       0x12 d:/projects-c/winavr-20100110/bin/../lib/gcc/avr/4.3.3/../../../../avr/lib/avr5\libc.a(memcpy.o)
                0x00002be4                memcpy
 .text.avr-libc
                0x00002bf6        0xe d:/projects-c/winavr-20100110/bin/../lib/gcc/avr/4.3.3/../../../../avr/lib/avr5\libc.a(strcpy.o)
                0x00002bf6                strcpy
 .text.avr-libc
                0x00002c04       0x42 d:/projects-c/winavr-20100110/bin/../lib/gcc/avr/4.3.3/../../../../avr/lib/avr5\libc.a(itoa.o)
                0x00002c04                itoa
 .text.avr-libc
                0x00002c46       0x20 d:/projects-c/winavr-20100110/bin/../lib/gcc/avr/4.3.3/../../../../avr/lib/avr5\libc.a(strrev.o)
                0x00002c46                strrev
 .text.libgcc   0x00002c66       0x38 d:/projects-c/winavr-20100110/bin/../lib/gcc/avr/4.3.3/avr5\libgcc.a(_prologue.o)
                0x00002c66                __prologue_saves__
 .text.libgcc   0x00002c9e       0x36 d:/projects-c/winavr-20100110/bin/../lib/gcc/avr/4.3.3/avr5\libgcc.a(_epilogue.o)
                0x00002c9e                __epilogue_restores__
                0x00002cd4                . = ALIGN (0x2)
 *(.fini9)
 .fini9         0x00002cd4        0x0 d:/projects-c/winavr-20100110/bin/../lib/gcc/avr/4.3.3/avr5\libgcc.a(_exit.o)
                0x00002cd4                exit
                0x00002cd4                _exit
 *(.fini9)
 *(.fini8)
 *(.fini8)
 *(.fini7)
 *(.fini7)
 *(.fini6)
 .fini6         0x00002cd4       0x16 d:/projects-c/winavr-20100110/bin/../lib/gcc/avr/4.3.3/avr5\libgcc.a(_dtors.o)
                0x00002cd4                __do_global_dtors
 *(.fini6)
 *(.fini5)
 *(.fini5)
 *(.fini4)
 *(.fini4)
 *(.fini3)
 *(.fini3)
 *(.fini2)
 *(.fini2)
 *(.fini1)
 *(.fini1)
 *(.fini0)
 .fini0         0x00002cea        0x4 d:/projects-c/winavr-20100110/bin/../lib/gcc/avr/4.3.3/avr5\libgcc.a(_exit.o)
 *(.fini0)
                0x00002cee                _etext = .

.data           0x00800100       0x90 load address 0x00002cee
                0x00800100                PROVIDE (__data_start, .)
 *(.data)
 .data          0x00800100       0x45 ./main.o
 .data          0x00800145        0x2 D:\projects-c\ArduinoCore\328P_16MHz\libArduinoCore.a(Print.o)
 .data          0x00800147        0x6 d:/projects-c/winavr-20100110/bin/../lib/gcc/avr/4.3.3/../../../../avr/lib/avr5\libc.a(malloc.o)
                0x00800149                __malloc_heap_start
                0x0080014b                __malloc_heap_end
                0x00800147                __malloc_margin
 *(.data*)
 .data.gTempCmd
                0x0080014d        0x2 ./main.o
                0x0080014d                gTempCmd
 .data.gHumidCmd
                0x0080014f        0x2 ./main.o
                0x0080014f                gHumidCmd
 .data.dateTimePin
                0x00800151        0x2 ./main.o
                0x00800151                dateTimePin
 .data.htDataPin
                0x00800153        0x2 ./main.o
                0x00800153                htDataPin
 .data.htClockPin
                0x00800155        0x2 ./main.o
                0x00800155                htClockPin
 .data.displayRx
                0x00800157        0x2 ./main.o
                0x00800157                displayRx
 .data.displayTx
                0x00800159        0x2 ./main.o
                0x00800159                displayTx
 .data.loggerRx
                0x0080015b        0x2 ./main.o
                0x0080015b                loggerRx
 .data.loggerTx
                0x0080015d        0x2 ./main.o
                0x0080015d                loggerTx
 .data.fanPin1  0x0080015f        0x2 ./main.o
                0x0080015f                fanPin1
 .data.heatPin1
                0x00800161        0x2 ./main.o
                0x00800161                heatPin1
 .data.heatPin2
                0x00800163        0x2 ./main.o
                0x00800163                heatPin2
 .data.coolPin  0x00800165        0x2 ./main.o
                0x00800165                coolPin
 .data.targetTemp
                0x00800167        0x4 ./main.o
                0x00800167                targetTemp
 .data.tempVariance
                0x0080016b        0x4 ./main.o
                0x0080016b                tempVariance
 *(.rodata)
 *(.rodata*)
 .rodata._ZTV14HardwareSerial
                0x0080016f       0x10 D:\projects-c\ArduinoCore\328P_16MHz\libArduinoCore.a(HardwareSerial.o)
                0x0080016f                vtable for HardwareSerial
 .rodata._ZTV14SoftwareSerial
                0x0080017f       0x10 D:\projects-c\ArduinoCore\328P_16MHz\libArduinoCore.a(SoftwareSerial.o)
                0x0080017f                vtable for SoftwareSerial
 *(.gnu.linkonce.d*)
                0x00800190                . = ALIGN (0x2)
 *fill*         0x0080018f        0x1 00
                0x00800190                _edata = .
                0x00800190                PROVIDE (__data_end, .)

.bss            0x00800190      0x135
                0x00800190                PROVIDE (__bss_start, .)
 *(.bss)
 *(.bss*)
 .bss.serial    0x00800190       0x1c ./main.o
                0x00800190                serial
 .bss.logger    0x008001ac       0x1c ./main.o
                0x008001ac                logger
 .bss.times     0x008001c8        0x2 ./main.o
                0x008001c8                times
 .bss.coolOn    0x008001ca        0x1 ./main.o
                0x008001ca                coolOn
 .bss.heatOn    0x008001cb        0x1 ./main.o
                0x008001cb                heatOn
 .bss.fanOn     0x008001cc        0x1 ./main.o
                0x008001cc                fanOn
 .bss.rx_buffer
                0x008001cd       0x44 D:\projects-c\ArduinoCore\328P_16MHz\libArduinoCore.a(HardwareSerial.o)
                0x008001cd                rx_buffer
 .bss.tx_buffer
                0x00800211       0x44 D:\projects-c\ArduinoCore\328P_16MHz\libArduinoCore.a(HardwareSerial.o)
                0x00800211                tx_buffer
 .bss.Serial    0x00800255       0x1f D:\projects-c\ArduinoCore\328P_16MHz\libArduinoCore.a(HardwareSerial.o)
                0x00800255                Serial
 .bss._ZN14SoftwareSerial13active_objectE
                0x00800274        0x2 D:\projects-c\ArduinoCore\328P_16MHz\libArduinoCore.a(SoftwareSerial.o)
                0x00800274                SoftwareSerial::active_object
 .bss._ZN14SoftwareSerial15_receive_bufferE
                0x00800276       0x40 D:\projects-c\ArduinoCore\328P_16MHz\libArduinoCore.a(SoftwareSerial.o)
                0x00800276                SoftwareSerial::_receive_buffer
 .bss._ZN14SoftwareSerial20_receive_buffer_tailE
                0x008002b6        0x1 D:\projects-c\ArduinoCore\328P_16MHz\libArduinoCore.a(SoftwareSerial.o)
                0x008002b6                SoftwareSerial::_receive_buffer_tail
 .bss._ZN14SoftwareSerial20_receive_buffer_headE
                0x008002b7        0x1 D:\projects-c\ArduinoCore\328P_16MHz\libArduinoCore.a(SoftwareSerial.o)
                0x008002b7                SoftwareSerial::_receive_buffer_head
 .bss.timer0_overflow_count
                0x008002b8        0x4 D:\projects-c\ArduinoCore\328P_16MHz\libArduinoCore.a(wiring.o)
                0x008002b8                timer0_overflow_count
 .bss.timer0_millis
                0x008002bc        0x4 D:\projects-c\ArduinoCore\328P_16MHz\libArduinoCore.a(wiring.o)
                0x008002bc                timer0_millis
 .bss.timer0_fract
                0x008002c0        0x1 D:\projects-c\ArduinoCore\328P_16MHz\libArduinoCore.a(wiring.o)
 *(COMMON)
 COMMON         0x008002c1        0x4 d:/projects-c/winavr-20100110/bin/../lib/gcc/avr/4.3.3/../../../../avr/lib/avr5\libc.a(malloc.o)
                0x008002c1                __brkval
                0x008002c3                __flp
                0x008002c5                PROVIDE (__bss_end, .)
                0x00002cee                __data_load_start = LOADADDR (.data)
                0x00002d7e                __data_load_end = (__data_load_start + SIZEOF (.data))

.noinit         0x008002c5        0x0
                0x008002c5                PROVIDE (__noinit_start, .)
 *(.noinit*)
                0x008002c5                PROVIDE (__noinit_end, .)
                0x008002c5                _end = .
                0x008002c5                PROVIDE (__heap_start, .)

.eeprom         0x00810000        0x0
 *(.eeprom*)
                0x00810000                __eeprom_end = .

.fuse
 *(.fuse)
 *(.lfuse)
 *(.hfuse)
 *(.efuse)

.lock
 *(.lock*)

.signature
 *(.signature*)

.stab
 *(.stab)

.stabstr
 *(.stabstr)

.stab.excl
 *(.stab.excl)

.stab.exclstr
 *(.stab.exclstr)

.stab.index
 *(.stab.index)

.stab.indexstr
 *(.stab.indexstr)

.comment
 *(.comment)

.debug
 *(.debug)

.line
 *(.line)

.debug_srcinfo
 *(.debug_srcinfo)

.debug_sfnames
 *(.debug_sfnames)

.debug_aranges
 *(.debug_aranges)

.debug_pubnames
 *(.debug_pubnames)

.debug_info
 *(.debug_info)
 *(.gnu.linkonce.wi.*)

.debug_abbrev
 *(.debug_abbrev)

.debug_line
 *(.debug_line)

.debug_frame
 *(.debug_frame)

.debug_str
 *(.debug_str)

.debug_loc
 *(.debug_loc)

.debug_macinfo
 *(.debug_macinfo)
OUTPUT(A.elf elf32-avr)
LOAD linker stubs

.debug_ranges

Cross Reference Table

Symbol                                            File
HardwareSerial::HardwareSerial(ring_buffer*, ring_buffer*, unsigned char volatile*, unsigned char volatile*, unsigned char volatile*, unsigned char volatile*, unsigned char volatile*, unsigned char, unsigned char, unsigned char, unsigned char, unsigned char) D:\projects-c\ArduinoCore\328P_16MHz\libArduinoCore.a(HardwareSerial.o)
HardwareSerial::HardwareSerial(ring_buffer*, ring_buffer*, unsigned char volatile*, unsigned char volatile*, unsigned char volatile*, unsigned char volatile*, unsigned char volatile*, unsigned char, unsigned char, unsigned char, unsigned char, unsigned char) D:\projects-c\ArduinoCore\328P_16MHz\libArduinoCore.a(HardwareSerial.o)
HardwareSerial::available()                       D:\projects-c\ArduinoCore\328P_16MHz\libArduinoCore.a(HardwareSerial.o)
HardwareSerial::begin(unsigned long)              D:\projects-c\ArduinoCore\328P_16MHz\libArduinoCore.a(HardwareSerial.o)
                                                  ./main.o
HardwareSerial::end()                             D:\projects-c\ArduinoCore\328P_16MHz\libArduinoCore.a(HardwareSerial.o)
HardwareSerial::flush()                           D:\projects-c\ArduinoCore\328P_16MHz\libArduinoCore.a(HardwareSerial.o)
HardwareSerial::peek()                            D:\projects-c\ArduinoCore\328P_16MHz\libArduinoCore.a(HardwareSerial.o)
HardwareSerial::read()                            D:\projects-c\ArduinoCore\328P_16MHz\libArduinoCore.a(HardwareSerial.o)
HardwareSerial::write(unsigned char)              D:\projects-c\ArduinoCore\328P_16MHz\libArduinoCore.a(HardwareSerial.o)
Print::print(Printable const&)                    D:\projects-c\ArduinoCore\328P_16MHz\libArduinoCore.a(Print.o)
Print::print(String const&)                       D:\projects-c\ArduinoCore\328P_16MHz\libArduinoCore.a(Print.o)
                                                  ./main.o
Print::print(__FlashStringHelper const*)          D:\projects-c\ArduinoCore\328P_16MHz\libArduinoCore.a(Print.o)
Print::print(char const*)                         D:\projects-c\ArduinoCore\328P_16MHz\libArduinoCore.a(Print.o)
                                                  ./main.o
Print::print(char)                                D:\projects-c\ArduinoCore\328P_16MHz\libArduinoCore.a(Print.o)
Print::print(double, int)                         D:\projects-c\ArduinoCore\328P_16MHz\libArduinoCore.a(Print.o)
                                                  ./main.o
Print::print(int, int)                            D:\projects-c\ArduinoCore\328P_16MHz\libArduinoCore.a(Print.o)
                                                  ./main.o
Print::print(long, int)                           D:\projects-c\ArduinoCore\328P_16MHz\libArduinoCore.a(Print.o)
Print::print(unsigned char, int)                  D:\projects-c\ArduinoCore\328P_16MHz\libArduinoCore.a(Print.o)
Print::print(unsigned int, int)                   D:\projects-c\ArduinoCore\328P_16MHz\libArduinoCore.a(Print.o)
Print::print(unsigned long, int)                  D:\projects-c\ArduinoCore\328P_16MHz\libArduinoCore.a(Print.o)
Print::printFloat(double, unsigned char)          D:\projects-c\ArduinoCore\328P_16MHz\libArduinoCore.a(Print.o)
Print::printNumber(unsigned long, unsigned char)  D:\projects-c\ArduinoCore\328P_16MHz\libArduinoCore.a(Print.o)
Print::println()                                  D:\projects-c\ArduinoCore\328P_16MHz\libArduinoCore.a(Print.o)
Print::println(Printable const&)                  D:\projects-c\ArduinoCore\328P_16MHz\libArduinoCore.a(Print.o)
Print::println(String const&)                     D:\projects-c\ArduinoCore\328P_16MHz\libArduinoCore.a(Print.o)
                                                  ./main.o
Print::println(__FlashStringHelper const*)        D:\projects-c\ArduinoCore\328P_16MHz\libArduinoCore.a(Print.o)
Print::println(char const*)                       D:\projects-c\ArduinoCore\328P_16MHz\libArduinoCore.a(Print.o)
                                                  ./main.o
Print::println(char)                              D:\projects-c\ArduinoCore\328P_16MHz\libArduinoCore.a(Print.o)
Print::println(double, int)                       D:\projects-c\ArduinoCore\328P_16MHz\libArduinoCore.a(Print.o)
Print::println(int, int)                          D:\projects-c\ArduinoCore\328P_16MHz\libArduinoCore.a(Print.o)
Print::println(long, int)                         D:\projects-c\ArduinoCore\328P_16MHz\libArduinoCore.a(Print.o)
Print::println(unsigned char, int)                D:\projects-c\ArduinoCore\328P_16MHz\libArduinoCore.a(Print.o)
Print::println(unsigned int, int)                 D:\projects-c\ArduinoCore\328P_16MHz\libArduinoCore.a(Print.o)
                                                  ./main.o
Print::println(unsigned long, int)                D:\projects-c\ArduinoCore\328P_16MHz\libArduinoCore.a(Print.o)
Print::write(char const*)                         D:\projects-c\ArduinoCore\328P_16MHz\libArduinoCore.a(Print.o)
Print::write(unsigned char const*, unsigned int)  D:\projects-c\ArduinoCore\328P_16MHz\libArduinoCore.a(Print.o)
                                                  D:\projects-c\ArduinoCore\328P_16MHz\libArduinoCore.a(SoftwareSerial.o)
                                                  D:\projects-c\ArduinoCore\328P_16MHz\libArduinoCore.a(HardwareSerial.o)
RTC_init()                                        ./main.o
ReadTimeDate()                                    ./main.o
SPI                                               D:\projects-c\ArduinoCore\328P_16MHz\libArduinoCore.a(SPI.o)
SPIClass::begin()                                 D:\projects-c\ArduinoCore\328P_16MHz\libArduinoCore.a(SPI.o)
                                                  ./main.o
SPIClass::end()                                   D:\projects-c\ArduinoCore\328P_16MHz\libArduinoCore.a(SPI.o)
SPIClass::setBitOrder(unsigned char)              D:\projects-c\ArduinoCore\328P_16MHz\libArduinoCore.a(SPI.o)
                                                  ./main.o
SPIClass::setClockDivider(unsigned char)          D:\projects-c\ArduinoCore\328P_16MHz\libArduinoCore.a(SPI.o)
SPIClass::setDataMode(unsigned char)              D:\projects-c\ArduinoCore\328P_16MHz\libArduinoCore.a(SPI.o)
                                                  ./main.o
Serial                                            D:\projects-c\ArduinoCore\328P_16MHz\libArduinoCore.a(HardwareSerial.o)
                                                  ./main.o
SetTimeDate(int, int, int, int, int, int)         ./main.o
SoftwareSerial::SoftwareSerial(unsigned char, unsigned char, bool) D:\projects-c\ArduinoCore\328P_16MHz\libArduinoCore.a(SoftwareSerial.o)
                                                  ./main.o
SoftwareSerial::SoftwareSerial(unsigned char, unsigned char, bool) D:\projects-c\ArduinoCore\328P_16MHz\libArduinoCore.a(SoftwareSerial.o)
SoftwareSerial::_receive_buffer                   D:\projects-c\ArduinoCore\328P_16MHz\libArduinoCore.a(SoftwareSerial.o)
SoftwareSerial::_receive_buffer_head              D:\projects-c\ArduinoCore\328P_16MHz\libArduinoCore.a(SoftwareSerial.o)
SoftwareSerial::_receive_buffer_tail              D:\projects-c\ArduinoCore\328P_16MHz\libArduinoCore.a(SoftwareSerial.o)
SoftwareSerial::active_object                     D:\projects-c\ArduinoCore\328P_16MHz\libArduinoCore.a(SoftwareSerial.o)
SoftwareSerial::available()                       D:\projects-c\ArduinoCore\328P_16MHz\libArduinoCore.a(SoftwareSerial.o)
SoftwareSerial::begin(long)                       D:\projects-c\ArduinoCore\328P_16MHz\libArduinoCore.a(SoftwareSerial.o)
                                                  ./main.o
SoftwareSerial::end()                             D:\projects-c\ArduinoCore\328P_16MHz\libArduinoCore.a(SoftwareSerial.o)
SoftwareSerial::flush()                           D:\projects-c\ArduinoCore\328P_16MHz\libArduinoCore.a(SoftwareSerial.o)
SoftwareSerial::handle_interrupt()                D:\projects-c\ArduinoCore\328P_16MHz\libArduinoCore.a(SoftwareSerial.o)
SoftwareSerial::listen()                          D:\projects-c\ArduinoCore\328P_16MHz\libArduinoCore.a(SoftwareSerial.o)
SoftwareSerial::peek()                            D:\projects-c\ArduinoCore\328P_16MHz\libArduinoCore.a(SoftwareSerial.o)
SoftwareSerial::read()                            D:\projects-c\ArduinoCore\328P_16MHz\libArduinoCore.a(SoftwareSerial.o)
SoftwareSerial::recv()                            D:\projects-c\ArduinoCore\328P_16MHz\libArduinoCore.a(SoftwareSerial.o)
SoftwareSerial::rx_pin_read()                     D:\projects-c\ArduinoCore\328P_16MHz\libArduinoCore.a(SoftwareSerial.o)
SoftwareSerial::setRX(unsigned char)              D:\projects-c\ArduinoCore\328P_16MHz\libArduinoCore.a(SoftwareSerial.o)
SoftwareSerial::setTX(unsigned char)              D:\projects-c\ArduinoCore\328P_16MHz\libArduinoCore.a(SoftwareSerial.o)
SoftwareSerial::tx_pin_write(unsigned char)       D:\projects-c\ArduinoCore\328P_16MHz\libArduinoCore.a(SoftwareSerial.o)
SoftwareSerial::write(unsigned char)              D:\projects-c\ArduinoCore\328P_16MHz\libArduinoCore.a(SoftwareSerial.o)
                                                  ./main.o
SoftwareSerial::~SoftwareSerial()                 D:\projects-c\ArduinoCore\328P_16MHz\libArduinoCore.a(SoftwareSerial.o)
SoftwareSerial::~SoftwareSerial()                 D:\projects-c\ArduinoCore\328P_16MHz\libArduinoCore.a(SoftwareSerial.o)
                                                  ./main.o
String::String(String const&)                     D:\projects-c\ArduinoCore\328P_16MHz\libArduinoCore.a(WString.o)
String::String(String const&)                     D:\projects-c\ArduinoCore\328P_16MHz\libArduinoCore.a(WString.o)
String::String(char const*)                       D:\projects-c\ArduinoCore\328P_16MHz\libArduinoCore.a(WString.o)
                                                  ./main.o
String::String(char const*)                       D:\projects-c\ArduinoCore\328P_16MHz\libArduinoCore.a(WString.o)
String::String(char)                              D:\projects-c\ArduinoCore\328P_16MHz\libArduinoCore.a(WString.o)
String::String(char)                              D:\projects-c\ArduinoCore\328P_16MHz\libArduinoCore.a(WString.o)
String::String(int, unsigned char)                D:\projects-c\ArduinoCore\328P_16MHz\libArduinoCore.a(WString.o)
String::String(int, unsigned char)                D:\projects-c\ArduinoCore\328P_16MHz\libArduinoCore.a(WString.o)
                                                  ./main.o
String::String(long, unsigned char)               D:\projects-c\ArduinoCore\328P_16MHz\libArduinoCore.a(WString.o)
String::String(long, unsigned char)               D:\projects-c\ArduinoCore\328P_16MHz\libArduinoCore.a(WString.o)
String::String(unsigned char, unsigned char)      D:\projects-c\ArduinoCore\328P_16MHz\libArduinoCore.a(WString.o)
String::String(unsigned char, unsigned char)      D:\projects-c\ArduinoCore\328P_16MHz\libArduinoCore.a(WString.o)
String::String(unsigned int, unsigned char)       D:\projects-c\ArduinoCore\328P_16MHz\libArduinoCore.a(WString.o)
String::String(unsigned int, unsigned char)       D:\projects-c\ArduinoCore\328P_16MHz\libArduinoCore.a(WString.o)
String::String(unsigned long, unsigned char)      D:\projects-c\ArduinoCore\328P_16MHz\libArduinoCore.a(WString.o)
String::String(unsigned long, unsigned char)      D:\projects-c\ArduinoCore\328P_16MHz\libArduinoCore.a(WString.o)
String::changeBuffer(unsigned int)                D:\projects-c\ArduinoCore\328P_16MHz\libArduinoCore.a(WString.o)
String::charAt(unsigned int) const                D:\projects-c\ArduinoCore\328P_16MHz\libArduinoCore.a(WString.o)
String::compareTo(String const&) const            D:\projects-c\ArduinoCore\328P_16MHz\libArduinoCore.a(WString.o)
String::concat(String const&)                     D:\projects-c\ArduinoCore\328P_16MHz\libArduinoCore.a(WString.o)
String::concat(char const*)                       D:\projects-c\ArduinoCore\328P_16MHz\libArduinoCore.a(WString.o)
                                                  ./main.o
String::concat(char const*, unsigned int)         D:\projects-c\ArduinoCore\328P_16MHz\libArduinoCore.a(WString.o)
String::concat(char)                              D:\projects-c\ArduinoCore\328P_16MHz\libArduinoCore.a(WString.o)
String::concat(int)                               D:\projects-c\ArduinoCore\328P_16MHz\libArduinoCore.a(WString.o)
                                                  ./main.o
String::concat(long)                              D:\projects-c\ArduinoCore\328P_16MHz\libArduinoCore.a(WString.o)
String::concat(unsigned char)                     D:\projects-c\ArduinoCore\328P_16MHz\libArduinoCore.a(WString.o)
String::concat(unsigned int)                      D:\projects-c\ArduinoCore\328P_16MHz\libArduinoCore.a(WString.o)
String::concat(unsigned long)                     D:\projects-c\ArduinoCore\328P_16MHz\libArduinoCore.a(WString.o)
String::copy(char const*, unsigned int)           D:\projects-c\ArduinoCore\328P_16MHz\libArduinoCore.a(WString.o)
String::endsWith(String const&) const             D:\projects-c\ArduinoCore\328P_16MHz\libArduinoCore.a(WString.o)
String::equals(String const&) const               D:\projects-c\ArduinoCore\328P_16MHz\libArduinoCore.a(WString.o)
String::equals(char const*) const                 D:\projects-c\ArduinoCore\328P_16MHz\libArduinoCore.a(WString.o)
String::equalsIgnoreCase(String const&) const     D:\projects-c\ArduinoCore\328P_16MHz\libArduinoCore.a(WString.o)
String::getBytes(unsigned char*, unsigned int, unsigned int) const D:\projects-c\ArduinoCore\328P_16MHz\libArduinoCore.a(WString.o)
String::indexOf(String const&) const              D:\projects-c\ArduinoCore\328P_16MHz\libArduinoCore.a(WString.o)
String::indexOf(String const&, unsigned int) const D:\projects-c\ArduinoCore\328P_16MHz\libArduinoCore.a(WString.o)
String::indexOf(char) const                       D:\projects-c\ArduinoCore\328P_16MHz\libArduinoCore.a(WString.o)
String::indexOf(char, unsigned int) const         D:\projects-c\ArduinoCore\328P_16MHz\libArduinoCore.a(WString.o)
String::invalidate()                              D:\projects-c\ArduinoCore\328P_16MHz\libArduinoCore.a(WString.o)
String::lastIndexOf(String const&) const          D:\projects-c\ArduinoCore\328P_16MHz\libArduinoCore.a(WString.o)
String::lastIndexOf(String const&, unsigned int) const D:\projects-c\ArduinoCore\328P_16MHz\libArduinoCore.a(WString.o)
String::lastIndexOf(char) const                   D:\projects-c\ArduinoCore\328P_16MHz\libArduinoCore.a(WString.o)
String::lastIndexOf(char, unsigned int) const     D:\projects-c\ArduinoCore\328P_16MHz\libArduinoCore.a(WString.o)
String::operator<(String const&) const            D:\projects-c\ArduinoCore\328P_16MHz\libArduinoCore.a(WString.o)
String::operator<=(String const&) const           D:\projects-c\ArduinoCore\328P_16MHz\libArduinoCore.a(WString.o)
String::operator=(String const&)                  D:\projects-c\ArduinoCore\328P_16MHz\libArduinoCore.a(WString.o)
String::operator=(char const*)                    D:\projects-c\ArduinoCore\328P_16MHz\libArduinoCore.a(WString.o)
String::operator>(String const&) const            D:\projects-c\ArduinoCore\328P_16MHz\libArduinoCore.a(WString.o)
String::operator>=(String const&) const           D:\projects-c\ArduinoCore\328P_16MHz\libArduinoCore.a(WString.o)
String::operator[](unsigned int)                  D:\projects-c\ArduinoCore\328P_16MHz\libArduinoCore.a(WString.o)
String::operator[](unsigned int) const            D:\projects-c\ArduinoCore\328P_16MHz\libArduinoCore.a(WString.o)
                                                  D:\projects-c\ArduinoCore\328P_16MHz\libArduinoCore.a(Print.o)
String::replace(String const&, String const&)     D:\projects-c\ArduinoCore\328P_16MHz\libArduinoCore.a(WString.o)
String::replace(char, char)                       D:\projects-c\ArduinoCore\328P_16MHz\libArduinoCore.a(WString.o)
String::reserve(unsigned int)                     D:\projects-c\ArduinoCore\328P_16MHz\libArduinoCore.a(WString.o)
String::setCharAt(unsigned int, char)             D:\projects-c\ArduinoCore\328P_16MHz\libArduinoCore.a(WString.o)
String::startsWith(String const&) const           D:\projects-c\ArduinoCore\328P_16MHz\libArduinoCore.a(WString.o)
String::startsWith(String const&, unsigned int) const D:\projects-c\ArduinoCore\328P_16MHz\libArduinoCore.a(WString.o)
String::substring(unsigned int) const             D:\projects-c\ArduinoCore\328P_16MHz\libArduinoCore.a(WString.o)
String::substring(unsigned int, unsigned int) const D:\projects-c\ArduinoCore\328P_16MHz\libArduinoCore.a(WString.o)
String::toInt() const                             D:\projects-c\ArduinoCore\328P_16MHz\libArduinoCore.a(WString.o)
String::toLowerCase()                             D:\projects-c\ArduinoCore\328P_16MHz\libArduinoCore.a(WString.o)
String::toUpperCase()                             D:\projects-c\ArduinoCore\328P_16MHz\libArduinoCore.a(WString.o)
String::trim()                                    D:\projects-c\ArduinoCore\328P_16MHz\libArduinoCore.a(WString.o)
String::~String()                                 D:\projects-c\ArduinoCore\328P_16MHz\libArduinoCore.a(WString.o)
                                                  ./main.o
String::~String()                                 D:\projects-c\ArduinoCore\328P_16MHz\libArduinoCore.a(WString.o)
__addsf3                                          d:/projects-c/winavr-20100110/bin/../lib/gcc/avr/4.3.3/../../../../avr/lib/avr5\libm.a(addsf3.o)
                                                  D:\projects-c\ArduinoCore\328P_16MHz\libArduinoCore.a(Print.o)
                                                  ./main.o
__addsf3x                                         d:/projects-c/winavr-20100110/bin/../lib/gcc/avr/4.3.3/../../../../avr/lib/avr5\libm.a(addsf3x.o)
                                                  d:/projects-c/winavr-20100110/bin/../lib/gcc/avr/4.3.3/../../../../avr/lib/avr5\libm.a(addsf3.o)
__bad_interrupt                                   d:/projects-c/winavr-20100110/bin/../lib/gcc/avr/4.3.3/../../../../avr/lib/avr5/crtm328p.o
__brkval                                          d:/projects-c/winavr-20100110/bin/../lib/gcc/avr/4.3.3/../../../../avr/lib/avr5\libc.a(realloc.o)
                                                  d:/projects-c/winavr-20100110/bin/../lib/gcc/avr/4.3.3/../../../../avr/lib/avr5\libc.a(malloc.o)
__bss_end                                         d:/projects-c/winavr-20100110/bin/../lib/gcc/avr/4.3.3/avr5\libgcc.a(_clear_bss.o)
__bss_start                                       d:/projects-c/winavr-20100110/bin/../lib/gcc/avr/4.3.3/avr5\libgcc.a(_clear_bss.o)
__cmpsf2                                          d:/projects-c/winavr-20100110/bin/../lib/gcc/avr/4.3.3/../../../../avr/lib/avr5\libm.a(cmpsf2.o)
__ctors_end                                       d:/projects-c/winavr-20100110/bin/../lib/gcc/avr/4.3.3/avr5\libgcc.a(_ctors.o)
__ctors_start                                     d:/projects-c/winavr-20100110/bin/../lib/gcc/avr/4.3.3/avr5\libgcc.a(_ctors.o)
__ctype_isfalse                                   d:/projects-c/winavr-20100110/bin/../lib/gcc/avr/4.3.3/../../../../avr/lib/avr5\libc.a(cty_isfalse.o)
                                                  d:/projects-c/winavr-20100110/bin/../lib/gcc/avr/4.3.3/../../../../avr/lib/avr5\libc.a(isspace.o)
__ctype_istrue                                    d:/projects-c/winavr-20100110/bin/../lib/gcc/avr/4.3.3/../../../../avr/lib/avr5\libc.a(cty_isfalse.o)
__cxa_guard_abort                                 D:\projects-c\ArduinoCore\328P_16MHz\libArduinoCore.a(new.o)
__cxa_guard_acquire                               D:\projects-c\ArduinoCore\328P_16MHz\libArduinoCore.a(new.o)
__cxa_guard_release                               D:\projects-c\ArduinoCore\328P_16MHz\libArduinoCore.a(new.o)
__cxa_pure_virtual                                D:\projects-c\ArduinoCore\328P_16MHz\libArduinoCore.a(new.o)
                                                  D:\projects-c\ArduinoCore\328P_16MHz\libArduinoCore.a(SoftwareSerial.o)
                                                  D:\projects-c\ArduinoCore\328P_16MHz\libArduinoCore.a(Print.o)
                                                  D:\projects-c\ArduinoCore\328P_16MHz\libArduinoCore.a(HardwareSerial.o)
__data_end                                        d:/projects-c/winavr-20100110/bin/../lib/gcc/avr/4.3.3/avr5\libgcc.a(_copy_data.o)
__data_load_start                                 d:/projects-c/winavr-20100110/bin/../lib/gcc/avr/4.3.3/avr5\libgcc.a(_copy_data.o)
__data_start                                      d:/projects-c/winavr-20100110/bin/../lib/gcc/avr/4.3.3/avr5\libgcc.a(_copy_data.o)
__divmodhi4                                       d:/projects-c/winavr-20100110/bin/../lib/gcc/avr/4.3.3/avr5\libgcc.a(_divmodhi4.o)
                                                  D:\projects-c\ArduinoCore\328P_16MHz\libArduinoCore.a(SoftwareSerial.o)
                                                  D:\projects-c\ArduinoCore\328P_16MHz\libArduinoCore.a(HardwareSerial.o)
                                                  ./main.o
__divsf3                                          d:/projects-c/winavr-20100110/bin/../lib/gcc/avr/4.3.3/../../../../avr/lib/avr5\libm.a(divsf3.o)
                                                  D:\projects-c\ArduinoCore\328P_16MHz\libArduinoCore.a(Print.o)
__divsf3_pse                                      d:/projects-c/winavr-20100110/bin/../lib/gcc/avr/4.3.3/../../../../avr/lib/avr5\libm.a(divsf3x.o)
__divsf3x                                         d:/projects-c/winavr-20100110/bin/../lib/gcc/avr/4.3.3/../../../../avr/lib/avr5\libm.a(divsf3x.o)
                                                  d:/projects-c/winavr-20100110/bin/../lib/gcc/avr/4.3.3/../../../../avr/lib/avr5\libm.a(divsf3.o)
__do_clear_bss                                    d:/projects-c/winavr-20100110/bin/../lib/gcc/avr/4.3.3/avr5\libgcc.a(_clear_bss.o)
                                                  d:/projects-c/winavr-20100110/bin/../lib/gcc/avr/4.3.3/../../../../avr/lib/avr5\libc.a(malloc.o)
                                                  D:\projects-c\ArduinoCore\328P_16MHz\libArduinoCore.a(wiring.o)
                                                  D:\projects-c\ArduinoCore\328P_16MHz\libArduinoCore.a(WString.o)
                                                  D:\projects-c\ArduinoCore\328P_16MHz\libArduinoCore.a(SoftwareSerial.o)
                                                  D:\projects-c\ArduinoCore\328P_16MHz\libArduinoCore.a(SPI.o)
                                                  D:\projects-c\ArduinoCore\328P_16MHz\libArduinoCore.a(HardwareSerial.o)
                                                  ./main.o
__do_copy_data                                    d:/projects-c/winavr-20100110/bin/../lib/gcc/avr/4.3.3/avr5\libgcc.a(_copy_data.o)
                                                  d:/projects-c/winavr-20100110/bin/../lib/gcc/avr/4.3.3/../../../../avr/lib/avr5\libc.a(malloc.o)
                                                  D:\projects-c\ArduinoCore\328P_16MHz\libArduinoCore.a(wiring_analog.o)
                                                  D:\projects-c\ArduinoCore\328P_16MHz\libArduinoCore.a(WString.o)
                                                  D:\projects-c\ArduinoCore\328P_16MHz\libArduinoCore.a(SoftwareSerial.o)
                                                  D:\projects-c\ArduinoCore\328P_16MHz\libArduinoCore.a(Print.o)
                                                  D:\projects-c\ArduinoCore\328P_16MHz\libArduinoCore.a(HardwareSerial.o)
                                                  ./main.o
__do_global_ctors                                 d:/projects-c/winavr-20100110/bin/../lib/gcc/avr/4.3.3/avr5\libgcc.a(_ctors.o)
                                                  D:\projects-c\ArduinoCore\328P_16MHz\libArduinoCore.a(HardwareSerial.o)
                                                  ./main.o
__do_global_dtors                                 d:/projects-c/winavr-20100110/bin/../lib/gcc/avr/4.3.3/avr5\libgcc.a(_dtors.o)
                                                  ./main.o
__dtors_end                                       d:/projects-c/winavr-20100110/bin/../lib/gcc/avr/4.3.3/avr5\libgcc.a(_dtors.o)
__dtors_start                                     d:/projects-c/winavr-20100110/bin/../lib/gcc/avr/4.3.3/avr5\libgcc.a(_dtors.o)
__epilogue_restores__                             d:/projects-c/winavr-20100110/bin/../lib/gcc/avr/4.3.3/avr5\libgcc.a(_epilogue.o)
                                                  d:/projects-c/winavr-20100110/bin/../lib/gcc/avr/4.3.3/../../../../avr/lib/avr5\libc.a(realloc.o)
__eqsf2                                           d:/projects-c/winavr-20100110/bin/../lib/gcc/avr/4.3.3/../../../../avr/lib/avr5\libm.a(cmpsf2.o)
__fixsfsi                                         d:/projects-c/winavr-20100110/bin/../lib/gcc/avr/4.3.3/../../../../avr/lib/avr5\libm.a(fixsfsi.o)
                                                  D:\projects-c\ArduinoCore\328P_16MHz\libArduinoCore.a(Print.o)
                                                  ./main.o
__fixunssfsi                                      d:/projects-c/winavr-20100110/bin/../lib/gcc/avr/4.3.3/../../../../avr/lib/avr5\libm.a(fixunssfsi.o)
                                                  d:/projects-c/winavr-20100110/bin/../lib/gcc/avr/4.3.3/../../../../avr/lib/avr5\libm.a(fixsfsi.o)
                                                  D:\projects-c\ArduinoCore\328P_16MHz\libArduinoCore.a(Print.o)
                                                  ./main.o
__floatsisf                                       d:/projects-c/winavr-20100110/bin/../lib/gcc/avr/4.3.3/../../../../avr/lib/avr5\libm.a(floatsisf.o)
                                                  D:\projects-c\ArduinoCore\328P_16MHz\libArduinoCore.a(Print.o)
                                                  ./main.o
__floatunsisf                                     d:/projects-c/winavr-20100110/bin/../lib/gcc/avr/4.3.3/../../../../avr/lib/avr5\libm.a(floatsisf.o)
                                                  D:\projects-c\ArduinoCore\328P_16MHz\libArduinoCore.a(Print.o)
                                                  ./main.o
__flp                                             d:/projects-c/winavr-20100110/bin/../lib/gcc/avr/4.3.3/../../../../avr/lib/avr5\libc.a(realloc.o)
                                                  d:/projects-c/winavr-20100110/bin/../lib/gcc/avr/4.3.3/../../../../avr/lib/avr5\libc.a(malloc.o)
__fp_cmp                                          d:/projects-c/winavr-20100110/bin/../lib/gcc/avr/4.3.3/../../../../avr/lib/avr5\libm.a(fp_cmp.o)
                                                  d:/projects-c/winavr-20100110/bin/../lib/gcc/avr/4.3.3/../../../../avr/lib/avr5\libm.a(gesf2.o)
                                                  d:/projects-c/winavr-20100110/bin/../lib/gcc/avr/4.3.3/../../../../avr/lib/avr5\libm.a(cmpsf2.o)
__fp_inf                                          d:/projects-c/winavr-20100110/bin/../lib/gcc/avr/4.3.3/../../../../avr/lib/avr5\libm.a(fp_inf.o)
                                                  d:/projects-c/winavr-20100110/bin/../lib/gcc/avr/4.3.3/../../../../avr/lib/avr5\libm.a(mulsf3x.o)
                                                  d:/projects-c/winavr-20100110/bin/../lib/gcc/avr/4.3.3/../../../../avr/lib/avr5\libm.a(divsf3x.o)
                                                  d:/projects-c/winavr-20100110/bin/../lib/gcc/avr/4.3.3/../../../../avr/lib/avr5\libm.a(addsf3x.o)
__fp_nan                                          d:/projects-c/winavr-20100110/bin/../lib/gcc/avr/4.3.3/../../../../avr/lib/avr5\libm.a(fp_nan.o)
                                                  d:/projects-c/winavr-20100110/bin/../lib/gcc/avr/4.3.3/../../../../avr/lib/avr5\libm.a(mulsf3x.o)
                                                  d:/projects-c/winavr-20100110/bin/../lib/gcc/avr/4.3.3/../../../../avr/lib/avr5\libm.a(divsf3x.o)
                                                  d:/projects-c/winavr-20100110/bin/../lib/gcc/avr/4.3.3/../../../../avr/lib/avr5\libm.a(addsf3x.o)
__fp_pscA                                         d:/projects-c/winavr-20100110/bin/../lib/gcc/avr/4.3.3/../../../../avr/lib/avr5\libm.a(fp_pscA.o)
                                                  d:/projects-c/winavr-20100110/bin/../lib/gcc/avr/4.3.3/../../../../avr/lib/avr5\libm.a(mulsf3x.o)
                                                  d:/projects-c/winavr-20100110/bin/../lib/gcc/avr/4.3.3/../../../../avr/lib/avr5\libm.a(divsf3x.o)
                                                  d:/projects-c/winavr-20100110/bin/../lib/gcc/avr/4.3.3/../../../../avr/lib/avr5\libm.a(addsf3x.o)
__fp_pscB                                         d:/projects-c/winavr-20100110/bin/../lib/gcc/avr/4.3.3/../../../../avr/lib/avr5\libm.a(fp_pscB.o)
                                                  d:/projects-c/winavr-20100110/bin/../lib/gcc/avr/4.3.3/../../../../avr/lib/avr5\libm.a(mulsf3x.o)
                                                  d:/projects-c/winavr-20100110/bin/../lib/gcc/avr/4.3.3/../../../../avr/lib/avr5\libm.a(divsf3x.o)
                                                  d:/projects-c/winavr-20100110/bin/../lib/gcc/avr/4.3.3/../../../../avr/lib/avr5\libm.a(addsf3x.o)
__fp_round                                        d:/projects-c/winavr-20100110/bin/../lib/gcc/avr/4.3.3/../../../../avr/lib/avr5\libm.a(fp_round.o)
                                                  d:/projects-c/winavr-20100110/bin/../lib/gcc/avr/4.3.3/../../../../avr/lib/avr5\libm.a(mulsf3.o)
                                                  d:/projects-c/winavr-20100110/bin/../lib/gcc/avr/4.3.3/../../../../avr/lib/avr5\libm.a(divsf3.o)
                                                  d:/projects-c/winavr-20100110/bin/../lib/gcc/avr/4.3.3/../../../../avr/lib/avr5\libm.a(addsf3.o)
__fp_split3                                       d:/projects-c/winavr-20100110/bin/../lib/gcc/avr/4.3.3/../../../../avr/lib/avr5\libm.a(fp_split3.o)
                                                  d:/projects-c/winavr-20100110/bin/../lib/gcc/avr/4.3.3/../../../../avr/lib/avr5\libm.a(mulsf3x.o)
                                                  d:/projects-c/winavr-20100110/bin/../lib/gcc/avr/4.3.3/../../../../avr/lib/avr5\libm.a(divsf3x.o)
                                                  d:/projects-c/winavr-20100110/bin/../lib/gcc/avr/4.3.3/../../../../avr/lib/avr5\libm.a(addsf3x.o)
__fp_splitA                                       d:/projects-c/winavr-20100110/bin/../lib/gcc/avr/4.3.3/../../../../avr/lib/avr5\libm.a(fp_split3.o)
                                                  d:/projects-c/winavr-20100110/bin/../lib/gcc/avr/4.3.3/../../../../avr/lib/avr5\libm.a(fixunssfsi.o)
__fp_szero                                        d:/projects-c/winavr-20100110/bin/../lib/gcc/avr/4.3.3/../../../../avr/lib/avr5\libm.a(fp_zero.o)
                                                  d:/projects-c/winavr-20100110/bin/../lib/gcc/avr/4.3.3/../../../../avr/lib/avr5\libm.a(mulsf3x.o)
                                                  d:/projects-c/winavr-20100110/bin/../lib/gcc/avr/4.3.3/../../../../avr/lib/avr5\libm.a(fixsfsi.o)
                                                  d:/projects-c/winavr-20100110/bin/../lib/gcc/avr/4.3.3/../../../../avr/lib/avr5\libm.a(divsf3x.o)
__fp_zero                                         d:/projects-c/winavr-20100110/bin/../lib/gcc/avr/4.3.3/../../../../avr/lib/avr5\libm.a(fp_zero.o)
                                                  d:/projects-c/winavr-20100110/bin/../lib/gcc/avr/4.3.3/../../../../avr/lib/avr5\libm.a(fixunssfsi.o)
                                                  d:/projects-c/winavr-20100110/bin/../lib/gcc/avr/4.3.3/../../../../avr/lib/avr5\libm.a(addsf3x.o)
__gesf2                                           d:/projects-c/winavr-20100110/bin/../lib/gcc/avr/4.3.3/../../../../avr/lib/avr5\libm.a(gesf2.o)
                                                  ./main.o
__gtsf2                                           d:/projects-c/winavr-20100110/bin/../lib/gcc/avr/4.3.3/../../../../avr/lib/avr5\libm.a(gesf2.o)
                                                  ./main.o
__heap_end                                        d:/projects-c/winavr-20100110/bin/../lib/gcc/avr/4.3.3/../../../../avr/lib/avr5/crtm328p.o
                                                  d:/projects-c/winavr-20100110/bin/../lib/gcc/avr/4.3.3/../../../../avr/lib/avr5\libc.a(malloc.o)
__heap_start                                      d:/projects-c/winavr-20100110/bin/../lib/gcc/avr/4.3.3/../../../../avr/lib/avr5\libc.a(malloc.o)
__init                                            d:/projects-c/winavr-20100110/bin/../lib/gcc/avr/4.3.3/../../../../avr/lib/avr5/crtm328p.o
__lesf2                                           d:/projects-c/winavr-20100110/bin/../lib/gcc/avr/4.3.3/../../../../avr/lib/avr5\libm.a(cmpsf2.o)
__ltsf2                                           d:/projects-c/winavr-20100110/bin/../lib/gcc/avr/4.3.3/../../../../avr/lib/avr5\libm.a(cmpsf2.o)
                                                  D:\projects-c\ArduinoCore\328P_16MHz\libArduinoCore.a(Print.o)
                                                  ./main.o
__malloc_heap_end                                 d:/projects-c/winavr-20100110/bin/../lib/gcc/avr/4.3.3/../../../../avr/lib/avr5\libc.a(malloc.o)
                                                  d:/projects-c/winavr-20100110/bin/../lib/gcc/avr/4.3.3/../../../../avr/lib/avr5\libc.a(realloc.o)
__malloc_heap_start                               d:/projects-c/winavr-20100110/bin/../lib/gcc/avr/4.3.3/../../../../avr/lib/avr5\libc.a(malloc.o)
__malloc_margin                                   d:/projects-c/winavr-20100110/bin/../lib/gcc/avr/4.3.3/../../../../avr/lib/avr5\libc.a(malloc.o)
                                                  d:/projects-c/winavr-20100110/bin/../lib/gcc/avr/4.3.3/../../../../avr/lib/avr5\libc.a(realloc.o)
__mulsf3                                          d:/projects-c/winavr-20100110/bin/../lib/gcc/avr/4.3.3/../../../../avr/lib/avr5\libm.a(mulsf3.o)
                                                  D:\projects-c\ArduinoCore\328P_16MHz\libArduinoCore.a(Print.o)
                                                  ./main.o
__mulsf3_pse                                      d:/projects-c/winavr-20100110/bin/../lib/gcc/avr/4.3.3/../../../../avr/lib/avr5\libm.a(mulsf3x.o)
__mulsf3x                                         d:/projects-c/winavr-20100110/bin/../lib/gcc/avr/4.3.3/../../../../avr/lib/avr5\libm.a(mulsf3x.o)
                                                  d:/projects-c/winavr-20100110/bin/../lib/gcc/avr/4.3.3/../../../../avr/lib/avr5\libm.a(mulsf3.o)
__mulsi3                                          d:/projects-c/winavr-20100110/bin/../lib/gcc/avr/4.3.3/avr5\libgcc.a(_mulsi3.o)
                                                  D:\projects-c\ArduinoCore\328P_16MHz\libArduinoCore.a(Print.o)
__mulsi_const_10                                  d:/projects-c/winavr-20100110/bin/../lib/gcc/avr/4.3.3/../../../../avr/lib/avr5\libc.a(mulsi10.o)
                                                  d:/projects-c/winavr-20100110/bin/../lib/gcc/avr/4.3.3/../../../../avr/lib/avr5\libc.a(atol.o)
__nesf2                                           d:/projects-c/winavr-20100110/bin/../lib/gcc/avr/4.3.3/../../../../avr/lib/avr5\libm.a(cmpsf2.o)
__prologue_saves__                                d:/projects-c/winavr-20100110/bin/../lib/gcc/avr/4.3.3/avr5\libgcc.a(_prologue.o)
                                                  d:/projects-c/winavr-20100110/bin/../lib/gcc/avr/4.3.3/../../../../avr/lib/avr5\libc.a(realloc.o)
__stack                                           d:/projects-c/winavr-20100110/bin/../lib/gcc/avr/4.3.3/../../../../avr/lib/avr5/crtm328p.o
__subsf3                                          d:/projects-c/winavr-20100110/bin/../lib/gcc/avr/4.3.3/../../../../avr/lib/avr5\libm.a(addsf3.o)
                                                  D:\projects-c\ArduinoCore\328P_16MHz\libArduinoCore.a(Print.o)
                                                  ./main.o
__tablejump2__                                    d:/projects-c/winavr-20100110/bin/../lib/gcc/avr/4.3.3/avr5\libgcc.a(_tablejump.o)
__tablejump__                                     d:/projects-c/winavr-20100110/bin/../lib/gcc/avr/4.3.3/avr5\libgcc.a(_tablejump.o)
                                                  d:/projects-c/winavr-20100110/bin/../lib/gcc/avr/4.3.3/avr5\libgcc.a(_dtors.o)
                                                  d:/projects-c/winavr-20100110/bin/../lib/gcc/avr/4.3.3/avr5\libgcc.a(_ctors.o)
__udivmodhi4                                      d:/projects-c/winavr-20100110/bin/../lib/gcc/avr/4.3.3/avr5\libgcc.a(_udivmodhi4.o)
                                                  d:/projects-c/winavr-20100110/bin/../lib/gcc/avr/4.3.3/../../../../avr/lib/avr5\libc.a(utoa.o)
                                                  d:/projects-c/winavr-20100110/bin/../lib/gcc/avr/4.3.3/../../../../avr/lib/avr5\libc.a(itoa.o)
                                                  d:/projects-c/winavr-20100110/bin/../lib/gcc/avr/4.3.3/avr5\libgcc.a(_divmodhi4.o)
__udivmodsi4                                      d:/projects-c/winavr-20100110/bin/../lib/gcc/avr/4.3.3/avr5\libgcc.a(_udivmodsi4.o)
                                                  d:/projects-c/winavr-20100110/bin/../lib/gcc/avr/4.3.3/../../../../avr/lib/avr5\libc.a(ultoa.o)
                                                  d:/projects-c/winavr-20100110/bin/../lib/gcc/avr/4.3.3/../../../../avr/lib/avr5\libc.a(ltoa.o)
                                                  D:\projects-c\ArduinoCore\328P_16MHz\libArduinoCore.a(Print.o)
                                                  D:\projects-c\ArduinoCore\328P_16MHz\libArduinoCore.a(HardwareSerial.o)
__vector_1                                        d:/projects-c/winavr-20100110/bin/../lib/gcc/avr/4.3.3/../../../../avr/lib/avr5/crtm328p.o
__vector_10                                       d:/projects-c/winavr-20100110/bin/../lib/gcc/avr/4.3.3/../../../../avr/lib/avr5/crtm328p.o
__vector_11                                       d:/projects-c/winavr-20100110/bin/../lib/gcc/avr/4.3.3/../../../../avr/lib/avr5/crtm328p.o
__vector_12                                       d:/projects-c/winavr-20100110/bin/../lib/gcc/avr/4.3.3/../../../../avr/lib/avr5/crtm328p.o
__vector_13                                       d:/projects-c/winavr-20100110/bin/../lib/gcc/avr/4.3.3/../../../../avr/lib/avr5/crtm328p.o
__vector_14                                       d:/projects-c/winavr-20100110/bin/../lib/gcc/avr/4.3.3/../../../../avr/lib/avr5/crtm328p.o
__vector_15                                       d:/projects-c/winavr-20100110/bin/../lib/gcc/avr/4.3.3/../../../../avr/lib/avr5/crtm328p.o
__vector_16                                       D:\projects-c\ArduinoCore\328P_16MHz\libArduinoCore.a(wiring.o)
                                                  d:/projects-c/winavr-20100110/bin/../lib/gcc/avr/4.3.3/../../../../avr/lib/avr5/crtm328p.o
__vector_17                                       d:/projects-c/winavr-20100110/bin/../lib/gcc/avr/4.3.3/../../../../avr/lib/avr5/crtm328p.o
__vector_18                                       D:\projects-c\ArduinoCore\328P_16MHz\libArduinoCore.a(HardwareSerial.o)
                                                  d:/projects-c/winavr-20100110/bin/../lib/gcc/avr/4.3.3/../../../../avr/lib/avr5/crtm328p.o
__vector_19                                       D:\projects-c\ArduinoCore\328P_16MHz\libArduinoCore.a(HardwareSerial.o)
                                                  d:/projects-c/winavr-20100110/bin/../lib/gcc/avr/4.3.3/../../../../avr/lib/avr5/crtm328p.o
__vector_2                                        d:/projects-c/winavr-20100110/bin/../lib/gcc/avr/4.3.3/../../../../avr/lib/avr5/crtm328p.o
__vector_20                                       d:/projects-c/winavr-20100110/bin/../lib/gcc/avr/4.3.3/../../../../avr/lib/avr5/crtm328p.o
__vector_21                                       d:/projects-c/winavr-20100110/bin/../lib/gcc/avr/4.3.3/../../../../avr/lib/avr5/crtm328p.o
__vector_22                                       d:/projects-c/winavr-20100110/bin/../lib/gcc/avr/4.3.3/../../../../avr/lib/avr5/crtm328p.o
__vector_23                                       d:/projects-c/winavr-20100110/bin/../lib/gcc/avr/4.3.3/../../../../avr/lib/avr5/crtm328p.o
__vector_24                                       d:/projects-c/winavr-20100110/bin/../lib/gcc/avr/4.3.3/../../../../avr/lib/avr5/crtm328p.o
__vector_25                                       d:/projects-c/winavr-20100110/bin/../lib/gcc/avr/4.3.3/../../../../avr/lib/avr5/crtm328p.o
__vector_3                                        D:\projects-c\ArduinoCore\328P_16MHz\libArduinoCore.a(SoftwareSerial.o)
                                                  d:/projects-c/winavr-20100110/bin/../lib/gcc/avr/4.3.3/../../../../avr/lib/avr5/crtm328p.o
__vector_4                                        D:\projects-c\ArduinoCore\328P_16MHz\libArduinoCore.a(SoftwareSerial.o)
                                                  d:/projects-c/winavr-20100110/bin/../lib/gcc/avr/4.3.3/../../../../avr/lib/avr5/crtm328p.o
__vector_5                                        D:\projects-c\ArduinoCore\328P_16MHz\libArduinoCore.a(SoftwareSerial.o)
                                                  d:/projects-c/winavr-20100110/bin/../lib/gcc/avr/4.3.3/../../../../avr/lib/avr5/crtm328p.o
__vector_6                                        d:/projects-c/winavr-20100110/bin/../lib/gcc/avr/4.3.3/../../../../avr/lib/avr5/crtm328p.o
__vector_7                                        d:/projects-c/winavr-20100110/bin/../lib/gcc/avr/4.3.3/../../../../avr/lib/avr5/crtm328p.o
__vector_8                                        d:/projects-c/winavr-20100110/bin/../lib/gcc/avr/4.3.3/../../../../avr/lib/avr5/crtm328p.o
__vector_9                                        d:/projects-c/winavr-20100110/bin/../lib/gcc/avr/4.3.3/../../../../avr/lib/avr5/crtm328p.o
__vector_default                                  d:/projects-c/winavr-20100110/bin/../lib/gcc/avr/4.3.3/../../../../avr/lib/avr5/crtm328p.o
__vectors                                         d:/projects-c/winavr-20100110/bin/../lib/gcc/avr/4.3.3/../../../../avr/lib/avr5/crtm328p.o
_div                                              d:/projects-c/winavr-20100110/bin/../lib/gcc/avr/4.3.3/avr5\libgcc.a(_divmodhi4.o)
_exit                                             d:/projects-c/winavr-20100110/bin/../lib/gcc/avr/4.3.3/avr5\libgcc.a(_exit.o)
ack                                               ./main.o
analogRead                                        D:\projects-c\ArduinoCore\328P_16MHz\libArduinoCore.a(wiring_analog.o)
analogReference                                   D:\projects-c\ArduinoCore\328P_16MHz\libArduinoCore.a(wiring_analog.o)
analogWrite                                       D:\projects-c\ArduinoCore\328P_16MHz\libArduinoCore.a(wiring_analog.o)
                                                  ./main.o
analog_reference                                  D:\projects-c\ArduinoCore\328P_16MHz\libArduinoCore.a(wiring_analog.o)
atol                                              d:/projects-c/winavr-20100110/bin/../lib/gcc/avr/4.3.3/../../../../avr/lib/avr5\libc.a(atol.o)
                                                  D:\projects-c\ArduinoCore\328P_16MHz\libArduinoCore.a(WString.o)
backlightOff()                                    ./main.o
backlightOn()                                     ./main.o
clearLCD()                                        ./main.o
cmd                                               ./main.o
cool                                              ./main.o
coolOn                                            ./main.o
coolPin                                           ./main.o
dateTimePin                                       ./main.o
delay                                             D:\projects-c\ArduinoCore\328P_16MHz\libArduinoCore.a(wiring.o)
                                                  ./main.o
delayMicroseconds                                 D:\projects-c\ArduinoCore\328P_16MHz\libArduinoCore.a(wiring.o)
digitalRead                                       D:\projects-c\ArduinoCore\328P_16MHz\libArduinoCore.a(wiring_digital.o)
                                                  D:\projects-c\ArduinoCore\328P_16MHz\libArduinoCore.a(wiring_shift.o)
                                                  ./main.o
digitalWrite                                      D:\projects-c\ArduinoCore\328P_16MHz\libArduinoCore.a(wiring_digital.o)
                                                  D:\projects-c\ArduinoCore\328P_16MHz\libArduinoCore.a(wiring_shift.o)
                                                  D:\projects-c\ArduinoCore\328P_16MHz\libArduinoCore.a(wiring_analog.o)
                                                  D:\projects-c\ArduinoCore\328P_16MHz\libArduinoCore.a(SoftwareSerial.o)
                                                  D:\projects-c\ArduinoCore\328P_16MHz\libArduinoCore.a(SPI.o)
                                                  ./main.o
digital_pin_to_bit_mask_PGM                       D:\projects-c\ArduinoCore\328P_16MHz\libArduinoCore.a(wiring_digital.o)
                                                  D:\projects-c\ArduinoCore\328P_16MHz\libArduinoCore.a(SoftwareSerial.o)
digital_pin_to_port_PGM                           D:\projects-c\ArduinoCore\328P_16MHz\libArduinoCore.a(wiring_digital.o)
                                                  D:\projects-c\ArduinoCore\328P_16MHz\libArduinoCore.a(SoftwareSerial.o)
digital_pin_to_timer_PGM                          D:\projects-c\ArduinoCore\328P_16MHz\libArduinoCore.a(wiring_digital.o)
                                                  D:\projects-c\ArduinoCore\328P_16MHz\libArduinoCore.a(wiring_analog.o)
displayRx                                         ./main.o
displayTx                                         ./main.o
exit                                              d:/projects-c/winavr-20100110/bin/../lib/gcc/avr/4.3.3/avr5\libgcc.a(_exit.o)
                                                  d:/projects-c/winavr-20100110/bin/../lib/gcc/avr/4.3.3/../../../../avr/lib/avr5/crtm328p.o
fanOn                                             ./main.o
fanPin1                                           ./main.o
free                                              d:/projects-c/winavr-20100110/bin/../lib/gcc/avr/4.3.3/../../../../avr/lib/avr5\libc.a(malloc.o)
                                                  d:/projects-c/winavr-20100110/bin/../lib/gcc/avr/4.3.3/../../../../avr/lib/avr5\libc.a(realloc.o)
                                                  D:\projects-c\ArduinoCore\328P_16MHz\libArduinoCore.a(new.o)
                                                  D:\projects-c\ArduinoCore\328P_16MHz\libArduinoCore.a(WString.o)
gHumidCmd                                         ./main.o
gTempCmd                                          ./main.o
getData16SHT(int, int)                            ./main.o
goTo(int)                                         ./main.o
heat                                              ./main.o
heatOn                                            ./main.o
heatPin1                                          ./main.o
heatPin2                                          ./main.o
htClockPin                                        ./main.o
htDataPin                                         ./main.o
init                                              D:\projects-c\ArduinoCore\328P_16MHz\libArduinoCore.a(wiring.o)
                                                  D:\projects-c\ArduinoCore\328P_16MHz\libArduinoCore.a(main.o)
isspace                                           d:/projects-c/winavr-20100110/bin/../lib/gcc/avr/4.3.3/../../../../avr/lib/avr5\libc.a(isspace.o)
                                                  D:\projects-c\ArduinoCore\328P_16MHz\libArduinoCore.a(WString.o)
itoa                                              d:/projects-c/winavr-20100110/bin/../lib/gcc/avr/4.3.3/../../../../avr/lib/avr5\libc.a(itoa.o)
                                                  D:\projects-c\ArduinoCore\328P_16MHz\libArduinoCore.a(WString.o)
logger                                            ./main.o
loggerReset                                       ./main.o
loggerRx                                          ./main.o
loggerTx                                          ./main.o
loop                                              ./main.o
                                                  D:\projects-c\ArduinoCore\328P_16MHz\libArduinoCore.a(main.o)
ltoa                                              d:/projects-c/winavr-20100110/bin/../lib/gcc/avr/4.3.3/../../../../avr/lib/avr5\libc.a(ltoa.o)
                                                  D:\projects-c\ArduinoCore\328P_16MHz\libArduinoCore.a(WString.o)
main                                              D:\projects-c\ArduinoCore\328P_16MHz\libArduinoCore.a(main.o)
                                                  d:/projects-c/winavr-20100110/bin/../lib/gcc/avr/4.3.3/../../../../avr/lib/avr5/crtm328p.o
malloc                                            d:/projects-c/winavr-20100110/bin/../lib/gcc/avr/4.3.3/../../../../avr/lib/avr5\libc.a(malloc.o)
                                                  d:/projects-c/winavr-20100110/bin/../lib/gcc/avr/4.3.3/../../../../avr/lib/avr5\libc.a(realloc.o)
                                                  D:\projects-c\ArduinoCore\328P_16MHz\libArduinoCore.a(new.o)
memcpy                                            d:/projects-c/winavr-20100110/bin/../lib/gcc/avr/4.3.3/../../../../avr/lib/avr5\libc.a(memcpy.o)
                                                  d:/projects-c/winavr-20100110/bin/../lib/gcc/avr/4.3.3/../../../../avr/lib/avr5\libc.a(memmove.o)
                                                  d:/projects-c/winavr-20100110/bin/../lib/gcc/avr/4.3.3/../../../../avr/lib/avr5\libc.a(realloc.o)
                                                  D:\projects-c\ArduinoCore\328P_16MHz\libArduinoCore.a(WString.o)
memmove                                           d:/projects-c/winavr-20100110/bin/../lib/gcc/avr/4.3.3/../../../../avr/lib/avr5\libc.a(memmove.o)
                                                  D:\projects-c\ArduinoCore\328P_16MHz\libArduinoCore.a(WString.o)
micros                                            D:\projects-c\ArduinoCore\328P_16MHz\libArduinoCore.a(wiring.o)
millis                                            D:\projects-c\ArduinoCore\328P_16MHz\libArduinoCore.a(wiring.o)
operator delete(void*)                            D:\projects-c\ArduinoCore\328P_16MHz\libArduinoCore.a(new.o)
operator new(unsigned int)                        D:\projects-c\ArduinoCore\328P_16MHz\libArduinoCore.a(new.o)
operator+(StringSumHelper const&, String const&)  D:\projects-c\ArduinoCore\328P_16MHz\libArduinoCore.a(WString.o)
operator+(StringSumHelper const&, char const*)    D:\projects-c\ArduinoCore\328P_16MHz\libArduinoCore.a(WString.o)
operator+(StringSumHelper const&, char)           D:\projects-c\ArduinoCore\328P_16MHz\libArduinoCore.a(WString.o)
operator+(StringSumHelper const&, int)            D:\projects-c\ArduinoCore\328P_16MHz\libArduinoCore.a(WString.o)
operator+(StringSumHelper const&, long)           D:\projects-c\ArduinoCore\328P_16MHz\libArduinoCore.a(WString.o)
operator+(StringSumHelper const&, unsigned char)  D:\projects-c\ArduinoCore\328P_16MHz\libArduinoCore.a(WString.o)
operator+(StringSumHelper const&, unsigned int)   D:\projects-c\ArduinoCore\328P_16MHz\libArduinoCore.a(WString.o)
operator+(StringSumHelper const&, unsigned long)  D:\projects-c\ArduinoCore\328P_16MHz\libArduinoCore.a(WString.o)
pinMode                                           D:\projects-c\ArduinoCore\328P_16MHz\libArduinoCore.a(wiring_digital.o)
                                                  D:\projects-c\ArduinoCore\328P_16MHz\libArduinoCore.a(wiring_analog.o)
                                                  D:\projects-c\ArduinoCore\328P_16MHz\libArduinoCore.a(SoftwareSerial.o)
                                                  D:\projects-c\ArduinoCore\328P_16MHz\libArduinoCore.a(SPI.o)
                                                  ./main.o
port_to_input_PGM                                 D:\projects-c\ArduinoCore\328P_16MHz\libArduinoCore.a(wiring_digital.o)
                                                  D:\projects-c\ArduinoCore\328P_16MHz\libArduinoCore.a(SoftwareSerial.o)
port_to_mode_PGM                                  D:\projects-c\ArduinoCore\328P_16MHz\libArduinoCore.a(wiring_digital.o)
port_to_output_PGM                                D:\projects-c\ArduinoCore\328P_16MHz\libArduinoCore.a(wiring_digital.o)
                                                  D:\projects-c\ArduinoCore\328P_16MHz\libArduinoCore.a(SoftwareSerial.o)
printDouble(double, unsigned int)                 ./main.o
readHumidity()                                    ./main.o
readTemp()                                        ./main.o
realloc                                           d:/projects-c/winavr-20100110/bin/../lib/gcc/avr/4.3.3/../../../../avr/lib/avr5\libc.a(realloc.o)
                                                  D:\projects-c\ArduinoCore\328P_16MHz\libArduinoCore.a(WString.o)
rx_buffer                                         D:\projects-c\ArduinoCore\328P_16MHz\libArduinoCore.a(HardwareSerial.o)
scrollLeft(int, int)                              ./main.o
scrollRight(int, int)                             ./main.o
selectLineOne()                                   ./main.o
selectLineTwo()                                   ./main.o
sendCommandSHT(int, int, int)                     ./main.o
serCommand()                                      ./main.o
serial                                            ./main.o
serialEvent()                                     D:\projects-c\ArduinoCore\328P_16MHz\libArduinoCore.a(HardwareSerial.o)
serialEventRun()                                  D:\projects-c\ArduinoCore\328P_16MHz\libArduinoCore.a(HardwareSerial.o)
                                                  D:\projects-c\ArduinoCore\328P_16MHz\libArduinoCore.a(main.o)
setup                                             ./main.o
                                                  D:\projects-c\ArduinoCore\328P_16MHz\libArduinoCore.a(main.o)
shiftIn                                           D:\projects-c\ArduinoCore\328P_16MHz\libArduinoCore.a(wiring_shift.o)
shiftIn(int, int, int)                            ./main.o
shiftOut                                          D:\projects-c\ArduinoCore\328P_16MHz\libArduinoCore.a(wiring_shift.o)
                                                  ./main.o
skipCrcSHT(int, int)                              ./main.o
strchr                                            d:/projects-c/winavr-20100110/bin/../lib/gcc/avr/4.3.3/../../../../avr/lib/avr5\libc.a(strchr.o)
                                                  D:\projects-c\ArduinoCore\328P_16MHz\libArduinoCore.a(WString.o)
strcmp                                            d:/projects-c/winavr-20100110/bin/../lib/gcc/avr/4.3.3/../../../../avr/lib/avr5\libc.a(strcmp.o)
                                                  D:\projects-c\ArduinoCore\328P_16MHz\libArduinoCore.a(WString.o)
strcpy                                            d:/projects-c/winavr-20100110/bin/../lib/gcc/avr/4.3.3/../../../../avr/lib/avr5\libc.a(strcpy.o)
                                                  D:\projects-c\ArduinoCore\328P_16MHz\libArduinoCore.a(WString.o)
strncmp                                           d:/projects-c/winavr-20100110/bin/../lib/gcc/avr/4.3.3/../../../../avr/lib/avr5\libc.a(strncmp.o)
                                                  D:\projects-c\ArduinoCore\328P_16MHz\libArduinoCore.a(WString.o)
strncpy                                           d:/projects-c/winavr-20100110/bin/../lib/gcc/avr/4.3.3/../../../../avr/lib/avr5\libc.a(strncpy.o)
                                                  D:\projects-c\ArduinoCore\328P_16MHz\libArduinoCore.a(WString.o)
strrchr                                           d:/projects-c/winavr-20100110/bin/../lib/gcc/avr/4.3.3/../../../../avr/lib/avr5\libc.a(strrchr.o)
                                                  D:\projects-c\ArduinoCore\328P_16MHz\libArduinoCore.a(WString.o)
strrev                                            d:/projects-c/winavr-20100110/bin/../lib/gcc/avr/4.3.3/../../../../avr/lib/avr5\libc.a(strrev.o)
                                                  d:/projects-c/winavr-20100110/bin/../lib/gcc/avr/4.3.3/../../../../avr/lib/avr5\libc.a(utoa.o)
                                                  d:/projects-c/winavr-20100110/bin/../lib/gcc/avr/4.3.3/../../../../avr/lib/avr5\libc.a(ultoa.o)
                                                  d:/projects-c/winavr-20100110/bin/../lib/gcc/avr/4.3.3/../../../../avr/lib/avr5\libc.a(ltoa.o)
                                                  d:/projects-c/winavr-20100110/bin/../lib/gcc/avr/4.3.3/../../../../avr/lib/avr5\libc.a(itoa.o)
strstr                                            d:/projects-c/winavr-20100110/bin/../lib/gcc/avr/4.3.3/../../../../avr/lib/avr5\libc.a(strstr.o)